2026-08-07 23:15:07.431 INFO  [background-preinit] o.h.validator.internal.util.Version - HV000001: Hibernate Validator 8.0.3.Final
2026-08-07 23:15:07.634 INFO  [main] c.p.n.NotificationServiceApplicationTests - Starting NotificationServiceApplicationTests using Java 17.0.19 with PID 177681 (started by pradeep in /home/pradeep/Desktop/coding/web_2_projects/Software-Engineering/PrevPaperApp/notificationService)
2026-08-07 23:15:07.637 INFO  [main] c.p.n.NotificationServiceApplicationTests - No active profile set, falling back to 1 default profile: "default"
2026-08-07 23:15:10.773 INFO  [main] o.s.d.r.c.RepositoryConfigurationDelegate - Multiple Spring Data modules found, entering strict repository configuration mode
2026-08-07 23:15:10.776 INFO  [main] o.s.d.r.c.RepositoryConfigurationDelegate - Bootstrapping Spring Data JPA repositories in DEFAULT mode.
2026-08-07 23:15:11.129 INFO  [main] o.s.d.r.c.RepositoryConfigurationDelegate - Finished Spring Data repository scanning in 331 ms. Found 1 JPA repository interface.
2026-08-07 23:15:11.168 INFO  [main] o.s.d.r.c.RepositoryConfigurationDelegate - Multiple Spring Data modules found, entering strict repository configuration mode
2026-08-07 23:15:11.172 INFO  [main] o.s.d.r.c.RepositoryConfigurationDelegate - Bootstrapping Spring Data Redis repositories in DEFAULT mode.
2026-08-07 23:15:11.211 INFO  [main] o.s.d.r.c.RepositoryConfigurationExtensionSupport - Spring Data Redis - Could not safely identify store assignment for repository candidate interface com.prevpaper.notification.repositories.NotificationRepository; If you want this repository to be a Redis repository, consider annotating your entities with one of these annotations: org.springframework.data.redis.core.RedisHash (preferred), or consider extending one of the following types with your repository: org.springframework.data.keyvalue.repository.KeyValueRepository
2026-08-07 23:15:11.212 INFO  [main] o.s.d.r.c.RepositoryConfigurationDelegate - Finished Spring Data repository scanning in 14 ms. Found 0 Redis repository interfaces.
2026-08-07 23:15:11.914 INFO  [main] o.s.cloud.context.scope.GenericScope - BeanFactory id=f893e9ef-563e-312c-adde-1d84ea88092a
2026-08-07 23:15:12.759 INFO  [main] o.h.jpa.internal.util.LogHelper - HHH000204: Processing PersistenceUnitInfo [name: default]
2026-08-07 23:15:12.850 INFO  [main] org.hibernate.Version - HHH000412: Hibernate ORM core version 6.6.53.Final
2026-08-07 23:15:12.916 INFO  [main] o.h.c.i.RegionFactoryInitiator - HHH000026: Second-level cache disabled
2026-08-07 23:15:13.382 INFO  [main] o.s.o.j.p.SpringPersistenceUnitInfo - No LoadTimeWeaver setup: ignoring JPA class transformer
2026-08-07 23:15:13.432 INFO  [main] com.zaxxer.hikari.HikariDataSource - HikariPool-1 - Starting...
2026-08-07 23:15:13.993 INFO  [main] com.zaxxer.hikari.pool.HikariPool - HikariPool-1 - Added connection org.postgresql.jdbc.PgConnection@af57949
2026-08-07 23:15:13.996 INFO  [main] com.zaxxer.hikari.HikariDataSource - HikariPool-1 - Start completed.
2026-08-07 23:15:14.061 WARN  [main] org.hibernate.orm.deprecation - HHH90000025: PostgreSQLDialect does not need to be specified explicitly using 'hibernate.dialect' (remove the property setting and it will be selected by default)
2026-08-07 23:15:14.113 INFO  [main] o.hibernate.orm.connections.pooling - HHH10001005: Database info:
	Database JDBC URL [Connecting through datasource 'HikariDataSource (HikariPool-1)']
	Database driver: undefined/unknown
	Database version: 16.14
	Autocommit mode: undefined/unknown
	Isolation level: undefined/unknown
	Minimum pool size: undefined/unknown
	Maximum pool size: undefined/unknown
2026-08-07 23:15:16.710 INFO  [main] o.h.e.t.j.p.i.JtaPlatformInitiator - HHH000489: No JTA platform available (set 'hibernate.transaction.jta.platform' to enable JTA platform integration)
2026-08-07 23:15:16.997 INFO  [main] o.s.o.j.LocalContainerEntityManagerFactoryBean - Initialized JPA EntityManagerFactory for persistence unit 'default'
2026-08-07 23:15:18.590 WARN  [main] o.s.b.a.o.j.JpaBaseConfiguration$JpaWebConfiguration - spring.jpa.open-in-view is enabled by default. Therefore, database queries may be performed during view rendering. Explicitly configure spring.jpa.open-in-view to disable this warning
2026-08-07 23:15:20.236 INFO  [main] o.s.c.n.e.c.DiscoveryClientOptionalArgsConfiguration - Eureka HTTP Client uses RestTemplate.
2026-08-07 23:15:20.381 INFO  [main] o.s.b.a.e.web.EndpointLinksResolver - Exposing 3 endpoints beneath base path '/actuator'
2026-08-07 23:15:20.562 INFO  [main] o.a.k.c.admin.AdminClientConfig - AdminClientConfig values: 
	auto.include.jmx.reporter = true
	bootstrap.controllers = []
	bootstrap.servers = [localhost:9092]
	client.dns.lookup = use_all_dns_ips
	client.id = NOTIFICATION-SERVICE-admin-0
	connections.max.idle.ms = 300000
	default.api.timeout.ms = 60000
	enable.metrics.push = true
	metadata.max.age.ms = 300000
	metadata.recovery.strategy = none
	metric.reporters = []
	metrics.num.samples = 2
	metrics.recording.level = INFO
	metrics.sample.window.ms = 30000
	receive.buffer.bytes = 65536
	reconnect.backoff.max.ms = 1000
	reconnect.backoff.ms = 50
	request.timeout.ms = 30000
	retries = 2147483647
	retry.backoff.max.ms = 1000
	retry.backoff.ms = 100
	sasl.client.callback.handler.class = null
	sasl.jaas.config = null
	sasl.kerberos.kinit.cmd = /usr/bin/kinit
	sasl.kerberos.min.time.before.relogin = 60000
	sasl.kerberos.service.name = null
	sasl.kerberos.ticket.renew.jitter = 0.05
	sasl.kerberos.ticket.renew.window.factor = 0.8
	sasl.login.callback.handler.class = null
	sasl.login.class = null
	sasl.login.connect.timeout.ms = null
	sasl.login.read.timeout.ms = null
	sasl.login.refresh.buffer.seconds = 300
	sasl.login.refresh.min.period.seconds = 60
	sasl.login.refresh.window.factor = 0.8
	sasl.login.refresh.window.jitter = 0.05
	sasl.login.retry.backoff.max.ms = 10000
	sasl.login.retry.backoff.ms = 100
	sasl.mechanism = GSSAPI
	sasl.oauthbearer.clock.skew.seconds = 30
	sasl.oauthbearer.expected.audience = null
	sasl.oauthbearer.expected.issuer = null
	sasl.oauthbearer.header.urlencode = false
	sasl.oauthbearer.jwks.endpoint.refresh.ms = 3600000
	sasl.oauthbearer.jwks.endpoint.retry.backoff.max.ms = 10000
	sasl.oauthbearer.jwks.endpoint.retry.backoff.ms = 100
	sasl.oauthbearer.jwks.endpoint.url = null
	sasl.oauthbearer.scope.claim.name = scope
	sasl.oauthbearer.sub.claim.name = sub
	sasl.oauthbearer.token.endpoint.url = null
	security.protocol = PLAINTEXT
	security.providers = null
	send.buffer.bytes = 131072
	socket.connection.setup.timeout.max.ms = 30000
	socket.connection.setup.timeout.ms = 10000
	ssl.cipher.suites = null
	ssl.enabled.protocols = [TLSv1.2, TLSv1.3]
	ssl.endpoint.identification.algorithm = https
	ssl.engine.factory.class = null
	ssl.key.password = null
	ssl.keymanager.algorithm = SunX509
	ssl.keystore.certificate.chain = null
	ssl.keystore.key = null
	ssl.keystore.location = null
	ssl.keystore.password = null
	ssl.keystore.type = JKS
	ssl.protocol = TLSv1.3
	ssl.provider = null
	ssl.secure.random.implementation = null
	ssl.trustmanager.algorithm = PKIX
	ssl.truststore.certificates = null
	ssl.truststore.location = null
	ssl.truststore.password = null
	ssl.truststore.type = JKS

2026-08-07 23:15:20.720 INFO  [main] o.a.kafka.common.utils.AppInfoParser - Kafka version: 3.9.2
2026-08-07 23:15:20.721 INFO  [main] o.a.kafka.common.utils.AppInfoParser - Kafka commitId: 5e9866f43ab8e7e4
2026-08-07 23:15:20.721 INFO  [main] o.a.kafka.common.utils.AppInfoParser - Kafka startTimeMs: 1786124720719
2026-08-07 23:15:20.742 INFO  [kafka-admin-client-thread | NOTIFICATION-SERVICE-admin-0] o.apache.kafka.clients.NetworkClient - [AdminClient clientId=NOTIFICATION-SERVICE-admin-0] Node -1 disconnected.
2026-08-07 23:15:20.745 WARN  [kafka-admin-client-thread | NOTIFICATION-SERVICE-admin-0] o.apache.kafka.clients.NetworkClient - [AdminClient clientId=NOTIFICATION-SERVICE-admin-0] Connection to node -1 (localhost/127.0.0.1:9092) could not be established. Node may not be available.
2026-08-07 23:15:20.848 INFO  [kafka-admin-client-thread | NOTIFICATION-SERVICE-admin-0] o.apache.kafka.clients.NetworkClient - [AdminClient clientId=NOTIFICATION-SERVICE-admin-0] Node -1 disconnected.
2026-08-07 23:15:20.849 WARN  [kafka-admin-client-thread | NOTIFICATION-SERVICE-admin-0] o.apache.kafka.clients.NetworkClient - [AdminClient clientId=NOTIFICATION-SERVICE-admin-0] Connection to node -1 (localhost/127.0.0.1:9092) could not be established. Node may not be available.
2026-08-07 23:15:21.051 INFO  [kafka-admin-client-thread | NOTIFICATION-SERVICE-admin-0] o.apache.kafka.clients.NetworkClient - [AdminClient clientId=NOTIFICATION-SERVICE-admin-0] Node -1 disconnected.
2026-08-07 23:15:21.052 WARN  [kafka-admin-client-thread | NOTIFICATION-SERVICE-admin-0] o.apache.kafka.clients.NetworkClient - [AdminClient clientId=NOTIFICATION-SERVICE-admin-0] Connection to node -1 (localhost/127.0.0.1:9092) could not be established. Node may not be available.
2026-08-07 23:15:21.354 INFO  [kafka-admin-client-thread | NOTIFICATION-SERVICE-admin-0] o.apache.kafka.clients.NetworkClient - [AdminClient clientId=NOTIFICATION-SERVICE-admin-0] Node -1 disconnected.
2026-08-07 23:15:21.355 WARN  [kafka-admin-client-thread | NOTIFICATION-SERVICE-admin-0] o.apache.kafka.clients.NetworkClient - [AdminClient clientId=NOTIFICATION-SERVICE-admin-0] Connection to node -1 (localhost/127.0.0.1:9092) could not be established. Node may not be available.
2026-08-07 23:15:21.759 INFO  [kafka-admin-client-thread | NOTIFICATION-SERVICE-admin-0] o.apache.kafka.clients.NetworkClient - [AdminClient clientId=NOTIFICATION-SERVICE-admin-0] Node -1 disconnected.
2026-08-07 23:15:21.760 WARN  [kafka-admin-client-thread | NOTIFICATION-SERVICE-admin-0] o.apache.kafka.clients.NetworkClient - [AdminClient clientId=NOTIFICATION-SERVICE-admin-0] Connection to node -1 (localhost/127.0.0.1:9092) could not be established. Node may not be available.
2026-08-07 23:15:22.567 INFO  [kafka-admin-client-thread | NOTIFICATION-SERVICE-admin-0] o.apache.kafka.clients.NetworkClient - [AdminClient clientId=NOTIFICATION-SERVICE-admin-0] Node -1 disconnected.
2026-08-07 23:15:22.567 WARN  [kafka-admin-client-thread | NOTIFICATION-SERVICE-admin-0] o.apache.kafka.clients.NetworkClient - [AdminClient clientId=NOTIFICATION-SERVICE-admin-0] Connection to node -1 (localhost/127.0.0.1:9092) could not be established. Node may not be available.
2026-08-07 23:15:23.573 INFO  [kafka-admin-client-thread | NOTIFICATION-SERVICE-admin-0] o.apache.kafka.clients.NetworkClient - [AdminClient clientId=NOTIFICATION-SERVICE-admin-0] Node -1 disconnected.
2026-08-07 23:15:23.574 WARN  [kafka-admin-client-thread | NOTIFICATION-SERVICE-admin-0] o.apache.kafka.clients.NetworkClient - [AdminClient clientId=NOTIFICATION-SERVICE-admin-0] Connection to node -1 (localhost/127.0.0.1:9092) could not be established. Node may not be available.
2026-08-07 23:15:24.580 INFO  [kafka-admin-client-thread | NOTIFICATION-SERVICE-admin-0] o.apache.kafka.clients.NetworkClient - [AdminClient clientId=NOTIFICATION-SERVICE-admin-0] Node -1 disconnected.
2026-08-07 23:15:24.581 WARN  [kafka-admin-client-thread | NOTIFICATION-SERVICE-admin-0] o.apache.kafka.clients.NetworkClient - [AdminClient clientId=NOTIFICATION-SERVICE-admin-0] Connection to node -1 (localhost/127.0.0.1:9092) could not be established. Node may not be available.
2026-08-07 23:15:25.487 INFO  [kafka-admin-client-thread | NOTIFICATION-SERVICE-admin-0] o.apache.kafka.clients.NetworkClient - [AdminClient clientId=NOTIFICATION-SERVICE-admin-0] Node -1 disconnected.
2026-08-07 23:15:25.488 WARN  [kafka-admin-client-thread | NOTIFICATION-SERVICE-admin-0] o.apache.kafka.clients.NetworkClient - [AdminClient clientId=NOTIFICATION-SERVICE-admin-0] Connection to node -1 (localhost/127.0.0.1:9092) could not be established. Node may not be available.
2026-08-07 23:15:26.494 INFO  [kafka-admin-client-thread | NOTIFICATION-SERVICE-admin-0] o.apache.kafka.clients.NetworkClient - [AdminClient clientId=NOTIFICATION-SERVICE-admin-0] Node -1 disconnected.
2026-08-07 23:15:26.494 WARN  [kafka-admin-client-thread | NOTIFICATION-SERVICE-admin-0] o.apache.kafka.clients.NetworkClient - [AdminClient clientId=NOTIFICATION-SERVICE-admin-0] Connection to node -1 (localhost/127.0.0.1:9092) could not be established. Node may not be available.
2026-08-07 23:15:27.400 INFO  [kafka-admin-client-thread | NOTIFICATION-SERVICE-admin-0] o.apache.kafka.clients.NetworkClient - [AdminClient clientId=NOTIFICATION-SERVICE-admin-0] Node -1 disconnected.
2026-08-07 23:15:27.400 WARN  [kafka-admin-client-thread | NOTIFICATION-SERVICE-admin-0] o.apache.kafka.clients.NetworkClient - [AdminClient clientId=NOTIFICATION-SERVICE-admin-0] Connection to node -1 (localhost/127.0.0.1:9092) could not be established. Node may not be available.
2026-08-07 23:15:28.405 INFO  [kafka-admin-client-thread | NOTIFICATION-SERVICE-admin-0] o.apache.kafka.clients.NetworkClient - [AdminClient clientId=NOTIFICATION-SERVICE-admin-0] Node -1 disconnected.
2026-08-07 23:15:28.406 WARN  [kafka-admin-client-thread | NOTIFICATION-SERVICE-admin-0] o.apache.kafka.clients.NetworkClient - [AdminClient clientId=NOTIFICATION-SERVICE-admin-0] Connection to node -1 (localhost/127.0.0.1:9092) could not be established. Node may not be available.
2026-08-07 23:15:29.411 INFO  [kafka-admin-client-thread | NOTIFICATION-SERVICE-admin-0] o.apache.kafka.clients.NetworkClient - [AdminClient clientId=NOTIFICATION-SERVICE-admin-0] Node -1 disconnected.
2026-08-07 23:15:29.414 WARN  [kafka-admin-client-thread | NOTIFICATION-SERVICE-admin-0] o.apache.kafka.clients.NetworkClient - [AdminClient clientId=NOTIFICATION-SERVICE-admin-0] Connection to node -1 (localhost/127.0.0.1:9092) could not be established. Node may not be available.
2026-08-07 23:15:30.419 INFO  [kafka-admin-client-thread | NOTIFICATION-SERVICE-admin-0] o.apache.kafka.clients.NetworkClient - [AdminClient clientId=NOTIFICATION-SERVICE-admin-0] Node -1 disconnected.
2026-08-07 23:15:30.420 WARN  [kafka-admin-client-thread | NOTIFICATION-SERVICE-admin-0] o.apache.kafka.clients.NetworkClient - [AdminClient clientId=NOTIFICATION-SERVICE-admin-0] Connection to node -1 (localhost/127.0.0.1:9092) could not be established. Node may not be available.
2026-08-07 23:15:31.325 INFO  [kafka-admin-client-thread | NOTIFICATION-SERVICE-admin-0] o.apache.kafka.clients.NetworkClient - [AdminClient clientId=NOTIFICATION-SERVICE-admin-0] Node -1 disconnected.
2026-08-07 23:15:31.326 WARN  [kafka-admin-client-thread | NOTIFICATION-SERVICE-admin-0] o.apache.kafka.clients.NetworkClient - [AdminClient clientId=NOTIFICATION-SERVICE-admin-0] Connection to node -1 (localhost/127.0.0.1:9092) could not be established. Node may not be available.
2026-08-07 23:15:32.332 INFO  [kafka-admin-client-thread | NOTIFICATION-SERVICE-admin-0] o.apache.kafka.clients.NetworkClient - [AdminClient clientId=NOTIFICATION-SERVICE-admin-0] Node -1 disconnected.
2026-08-07 23:15:32.333 WARN  [kafka-admin-client-thread | NOTIFICATION-SERVICE-admin-0] o.apache.kafka.clients.NetworkClient - [AdminClient clientId=NOTIFICATION-SERVICE-admin-0] Connection to node -1 (localhost/127.0.0.1:9092) could not be established. Node may not be available.
2026-08-07 23:15:33.338 INFO  [kafka-admin-client-thread | NOTIFICATION-SERVICE-admin-0] o.apache.kafka.clients.NetworkClient - [AdminClient clientId=NOTIFICATION-SERVICE-admin-0] Node -1 disconnected.
2026-08-07 23:15:33.339 WARN  [kafka-admin-client-thread | NOTIFICATION-SERVICE-admin-0] o.apache.kafka.clients.NetworkClient - [AdminClient clientId=NOTIFICATION-SERVICE-admin-0] Connection to node -1 (localhost/127.0.0.1:9092) could not be established. Node may not be available.
2026-08-07 23:15:34.247 INFO  [kafka-admin-client-thread | NOTIFICATION-SERVICE-admin-0] o.apache.kafka.clients.NetworkClient - [AdminClient clientId=NOTIFICATION-SERVICE-admin-0] Node -1 disconnected.
2026-08-07 23:15:34.248 WARN  [kafka-admin-client-thread | NOTIFICATION-SERVICE-admin-0] o.apache.kafka.clients.NetworkClient - [AdminClient clientId=NOTIFICATION-SERVICE-admin-0] Connection to node -1 (localhost/127.0.0.1:9092) could not be established. Node may not be available.
2026-08-07 23:15:35.256 INFO  [kafka-admin-client-thread | NOTIFICATION-SERVICE-admin-0] o.apache.kafka.clients.NetworkClient - [AdminClient clientId=NOTIFICATION-SERVICE-admin-0] Node -1 disconnected.
2026-08-07 23:15:35.257 WARN  [kafka-admin-client-thread | NOTIFICATION-SERVICE-admin-0] o.apache.kafka.clients.NetworkClient - [AdminClient clientId=NOTIFICATION-SERVICE-admin-0] Connection to node -1 (localhost/127.0.0.1:9092) could not be established. Node may not be available.
2026-08-07 23:15:36.264 INFO  [kafka-admin-client-thread | NOTIFICATION-SERVICE-admin-0] o.apache.kafka.clients.NetworkClient - [AdminClient clientId=NOTIFICATION-SERVICE-admin-0] Node -1 disconnected.
2026-08-07 23:15:36.265 WARN  [kafka-admin-client-thread | NOTIFICATION-SERVICE-admin-0] o.apache.kafka.clients.NetworkClient - [AdminClient clientId=NOTIFICATION-SERVICE-admin-0] Connection to node -1 (localhost/127.0.0.1:9092) could not be established. Node may not be available.
2026-08-07 23:15:37.171 INFO  [kafka-admin-client-thread | NOTIFICATION-SERVICE-admin-0] o.apache.kafka.clients.NetworkClient - [AdminClient clientId=NOTIFICATION-SERVICE-admin-0] Node -1 disconnected.
2026-08-07 23:15:37.172 WARN  [kafka-admin-client-thread | NOTIFICATION-SERVICE-admin-0] o.apache.kafka.clients.NetworkClient - [AdminClient clientId=NOTIFICATION-SERVICE-admin-0] Connection to node -1 (localhost/127.0.0.1:9092) could not be established. Node may not be available.
2026-08-07 23:15:38.179 INFO  [kafka-admin-client-thread | NOTIFICATION-SERVICE-admin-0] o.apache.kafka.clients.NetworkClient - [AdminClient clientId=NOTIFICATION-SERVICE-admin-0] Node -1 disconnected.
2026-08-07 23:15:38.180 WARN  [kafka-admin-client-thread | NOTIFICATION-SERVICE-admin-0] o.apache.kafka.clients.NetworkClient - [AdminClient clientId=NOTIFICATION-SERVICE-admin-0] Connection to node -1 (localhost/127.0.0.1:9092) could not be established. Node may not be available.
2026-08-07 23:15:39.191 INFO  [kafka-admin-client-thread | NOTIFICATION-SERVICE-admin-0] o.apache.kafka.clients.NetworkClient - [AdminClient clientId=NOTIFICATION-SERVICE-admin-0] Node -1 disconnected.
2026-08-07 23:15:39.192 WARN  [kafka-admin-client-thread | NOTIFICATION-SERVICE-admin-0] o.apache.kafka.clients.NetworkClient - [AdminClient clientId=NOTIFICATION-SERVICE-admin-0] Connection to node -1 (localhost/127.0.0.1:9092) could not be established. Node may not be available.
2026-08-07 23:15:40.100 INFO  [kafka-admin-client-thread | NOTIFICATION-SERVICE-admin-0] o.apache.kafka.clients.NetworkClient - [AdminClient clientId=NOTIFICATION-SERVICE-admin-0] Node -1 disconnected.
2026-08-07 23:15:40.101 WARN  [kafka-admin-client-thread | NOTIFICATION-SERVICE-admin-0] o.apache.kafka.clients.NetworkClient - [AdminClient clientId=NOTIFICATION-SERVICE-admin-0] Connection to node -1 (localhost/127.0.0.1:9092) could not be established. Node may not be available.
2026-08-07 23:15:41.107 INFO  [kafka-admin-client-thread | NOTIFICATION-SERVICE-admin-0] o.apache.kafka.clients.NetworkClient - [AdminClient clientId=NOTIFICATION-SERVICE-admin-0] Node -1 disconnected.
2026-08-07 23:15:41.108 WARN  [kafka-admin-client-thread | NOTIFICATION-SERVICE-admin-0] o.apache.kafka.clients.NetworkClient - [AdminClient clientId=NOTIFICATION-SERVICE-admin-0] Connection to node -1 (localhost/127.0.0.1:9092) could not be established. Node may not be available.
2026-08-07 23:15:42.019 INFO  [kafka-admin-client-thread | NOTIFICATION-SERVICE-admin-0] o.apache.kafka.clients.NetworkClient - [AdminClient clientId=NOTIFICATION-SERVICE-admin-0] Node -1 disconnected.
2026-08-07 23:15:42.025 WARN  [kafka-admin-client-thread | NOTIFICATION-SERVICE-admin-0] o.apache.kafka.clients.NetworkClient - [AdminClient clientId=NOTIFICATION-SERVICE-admin-0] Connection to node -1 (localhost/127.0.0.1:9092) could not be established. Node may not be available.
2026-08-07 23:15:42.931 INFO  [kafka-admin-client-thread | NOTIFICATION-SERVICE-admin-0] o.apache.kafka.clients.NetworkClient - [AdminClient clientId=NOTIFICATION-SERVICE-admin-0] Node -1 disconnected.
2026-08-07 23:15:42.933 WARN  [kafka-admin-client-thread | NOTIFICATION-SERVICE-admin-0] o.apache.kafka.clients.NetworkClient - [AdminClient clientId=NOTIFICATION-SERVICE-admin-0] Connection to node -1 (localhost/127.0.0.1:9092) could not be established. Node may not be available.
2026-08-07 23:15:43.939 INFO  [kafka-admin-client-thread | NOTIFICATION-SERVICE-admin-0] o.apache.kafka.clients.NetworkClient - [AdminClient clientId=NOTIFICATION-SERVICE-admin-0] Node -1 disconnected.
2026-08-07 23:15:43.940 WARN  [kafka-admin-client-thread | NOTIFICATION-SERVICE-admin-0] o.apache.kafka.clients.NetworkClient - [AdminClient clientId=NOTIFICATION-SERVICE-admin-0] Connection to node -1 (localhost/127.0.0.1:9092) could not be established. Node may not be available.
2026-08-07 23:15:44.946 INFO  [kafka-admin-client-thread | NOTIFICATION-SERVICE-admin-0] o.apache.kafka.clients.NetworkClient - [AdminClient clientId=NOTIFICATION-SERVICE-admin-0] Node -1 disconnected.
2026-08-07 23:15:44.947 WARN  [kafka-admin-client-thread | NOTIFICATION-SERVICE-admin-0] o.apache.kafka.clients.NetworkClient - [AdminClient clientId=NOTIFICATION-SERVICE-admin-0] Connection to node -1 (localhost/127.0.0.1:9092) could not be established. Node may not be available.
2026-08-07 23:15:45.853 INFO  [kafka-admin-client-thread | NOTIFICATION-SERVICE-admin-0] o.apache.kafka.clients.NetworkClient - [AdminClient clientId=NOTIFICATION-SERVICE-admin-0] Node -1 disconnected.
2026-08-07 23:15:45.854 WARN  [kafka-admin-client-thread | NOTIFICATION-SERVICE-admin-0] o.apache.kafka.clients.NetworkClient - [AdminClient clientId=NOTIFICATION-SERVICE-admin-0] Connection to node -1 (localhost/127.0.0.1:9092) could not be established. Node may not be available.
2026-08-07 23:15:46.763 INFO  [kafka-admin-client-thread | NOTIFICATION-SERVICE-admin-0] o.apache.kafka.clients.NetworkClient - [AdminClient clientId=NOTIFICATION-SERVICE-admin-0] Node -1 disconnected.
2026-08-07 23:15:46.764 WARN  [kafka-admin-client-thread | NOTIFICATION-SERVICE-admin-0] o.apache.kafka.clients.NetworkClient - [AdminClient clientId=NOTIFICATION-SERVICE-admin-0] Connection to node -1 (localhost/127.0.0.1:9092) could not be established. Node may not be available.
2026-08-07 23:15:47.669 INFO  [kafka-admin-client-thread | NOTIFICATION-SERVICE-admin-0] o.apache.kafka.clients.NetworkClient - [AdminClient clientId=NOTIFICATION-SERVICE-admin-0] Node -1 disconnected.
2026-08-07 23:15:47.669 WARN  [kafka-admin-client-thread | NOTIFICATION-SERVICE-admin-0] o.apache.kafka.clients.NetworkClient - [AdminClient clientId=NOTIFICATION-SERVICE-admin-0] Connection to node -1 (localhost/127.0.0.1:9092) could not be established. Node may not be available.
2026-08-07 23:15:48.676 INFO  [kafka-admin-client-thread | NOTIFICATION-SERVICE-admin-0] o.apache.kafka.clients.NetworkClient - [AdminClient clientId=NOTIFICATION-SERVICE-admin-0] Node -1 disconnected.
2026-08-07 23:15:48.677 WARN  [kafka-admin-client-thread | NOTIFICATION-SERVICE-admin-0] o.apache.kafka.clients.NetworkClient - [AdminClient clientId=NOTIFICATION-SERVICE-admin-0] Connection to node -1 (localhost/127.0.0.1:9092) could not be established. Node may not be available.
2026-08-07 23:15:49.586 INFO  [kafka-admin-client-thread | NOTIFICATION-SERVICE-admin-0] o.apache.kafka.clients.NetworkClient - [AdminClient clientId=NOTIFICATION-SERVICE-admin-0] Node -1 disconnected.
2026-08-07 23:15:49.587 WARN  [kafka-admin-client-thread | NOTIFICATION-SERVICE-admin-0] o.apache.kafka.clients.NetworkClient - [AdminClient clientId=NOTIFICATION-SERVICE-admin-0] Connection to node -1 (localhost/127.0.0.1:9092) could not be established. Node may not be available.
2026-08-07 23:15:50.593 INFO  [kafka-admin-client-thread | NOTIFICATION-SERVICE-admin-0] o.apache.kafka.clients.NetworkClient - [AdminClient clientId=NOTIFICATION-SERVICE-admin-0] Node -1 disconnected.
2026-08-07 23:15:50.595 WARN  [kafka-admin-client-thread | NOTIFICATION-SERVICE-admin-0] o.apache.kafka.clients.NetworkClient - [AdminClient clientId=NOTIFICATION-SERVICE-admin-0] Connection to node -1 (localhost/127.0.0.1:9092) could not be established. Node may not be available.
2026-08-07 23:15:50.725 INFO  [kafka-admin-client-thread | NOTIFICATION-SERVICE-admin-0] o.a.k.c.a.i.AdminMetadataManager - [AdminClient clientId=NOTIFICATION-SERVICE-admin-0] Metadata update failed
org.apache.kafka.common.errors.TimeoutException: Timed out waiting for a node assignment. Call: fetchMetadata
2026-08-07 23:15:50.728 ERROR [main] o.s.kafka.core.KafkaAdmin - Could not configure topics
java.util.concurrent.TimeoutException
	at java.base/java.util.concurrent.CompletableFuture.timedGet(CompletableFuture.java:1960)
	at java.base/java.util.concurrent.CompletableFuture.get(CompletableFuture.java:2095)
	at org.apache.kafka.common.internals.KafkaFutureImpl.get(KafkaFutureImpl.java:183)
	at org.springframework.kafka.core.KafkaAdmin.updateClusterId(KafkaAdmin.java:305)
	at org.springframework.kafka.core.KafkaAdmin.initialize(KafkaAdmin.java:276)
	at org.springframework.kafka.core.KafkaAdmin.afterSingletonsInstantiated(KafkaAdmin.java:246)
	at org.springframework.beans.factory.support.DefaultListableBeanFactory.preInstantiateSingletons(DefaultListableBeanFactory.java:1156)
	at org.springframework.context.support.AbstractApplicationContext.finishBeanFactoryInitialization(AbstractApplicationContext.java:991)
	at org.springframework.context.support.AbstractApplicationContext.refresh(AbstractApplicationContext.java:628)
	at org.springframework.boot.SpringApplication.refresh(SpringApplication.java:752)
	at org.springframework.boot.SpringApplication.refreshContext(SpringApplication.java:439)
	at org.springframework.boot.SpringApplication.run(SpringApplication.java:318)
	at org.springframework.boot.test.context.SpringBootContextLoader.lambda$loadContext$3(SpringBootContextLoader.java:151)
	at org.springframework.util.function.ThrowingSupplier.get(ThrowingSupplier.java:58)
	at org.springframework.util.function.ThrowingSupplier.get(ThrowingSupplier.java:46)
	at org.springframework.boot.SpringApplication.withHook(SpringApplication.java:1461)
	at org.springframework.boot.test.context.SpringBootContextLoader$ContextLoaderHook.run(SpringBootContextLoader.java:590)
	at org.springframework.boot.test.context.SpringBootContextLoader.loadContext(SpringBootContextLoader.java:151)
	at org.springframework.boot.test.context.SpringBootContextLoader.loadContext(SpringBootContextLoader.java:110)
	at org.springframework.test.context.cache.DefaultCacheAwareContextLoaderDelegate.loadContextInternal(DefaultCacheAwareContextLoaderDelegate.java:225)
	at org.springframework.test.context.cache.DefaultCacheAwareContextLoaderDelegate.loadContext(DefaultCacheAwareContextLoaderDelegate.java:152)
	at org.springframework.test.context.support.DefaultTestContext.getApplicationContext(DefaultTestContext.java:130)
	at org.springframework.test.context.web.ServletTestExecutionListener.setUpRequestContextIfNecessary(ServletTestExecutionListener.java:200)
	at org.springframework.test.context.web.ServletTestExecutionListener.prepareTestInstance(ServletTestExecutionListener.java:139)
	at org.springframework.test.context.TestContextManager.prepareTestInstance(TestContextManager.java:260)
	at org.springframework.test.context.junit.jupiter.SpringExtension.postProcessTestInstance(SpringExtension.java:159)
	at org.junit.jupiter.engine.descriptor.ClassBasedTestDescriptor.lambda$invokeTestInstancePostProcessors$10(ClassBasedTestDescriptor.java:383)
	at org.junit.jupiter.engine.descriptor.ClassBasedTestDescriptor.executeAndMaskThrowable(ClassBasedTestDescriptor.java:388)
	at org.junit.jupiter.engine.descriptor.ClassBasedTestDescriptor.lambda$invokeTestInstancePostProcessors$11(ClassBasedTestDescriptor.java:382)
	at java.base/java.util.stream.ForEachOps$ForEachOp$OfRef.accept(ForEachOps.java:183)
	at java.base/java.util.stream.ReferencePipeline$3$1.accept(ReferencePipeline.java:197)
	at java.base/java.util.stream.ReferencePipeline$2$1.accept(ReferencePipeline.java:179)
	at java.base/java.util.stream.ReferencePipeline$3$1.accept(ReferencePipeline.java:197)
	at java.base/java.util.ArrayList$ArrayListSpliterator.forEachRemaining(ArrayList.java:1625)
	at java.base/java.util.stream.AbstractPipeline.copyInto(AbstractPipeline.java:509)
	at java.base/java.util.stream.AbstractPipeline.wrapAndCopyInto(AbstractPipeline.java:499)
	at java.base/java.util.stream.ForEachOps$ForEachOp.evaluateSequential(ForEachOps.java:150)
	at java.base/java.util.stream.ForEachOps$ForEachOp$OfRef.evaluateSequential(ForEachOps.java:173)
	at java.base/java.util.stream.AbstractPipeline.evaluate(AbstractPipeline.java:234)
	at java.base/java.util.stream.ReferencePipeline.forEach(ReferencePipeline.java:596)
	at org.junit.jupiter.engine.descriptor.ClassBasedTestDescriptor.invokeTestInstancePostProcessors(ClassBasedTestDescriptor.java:382)
	at org.junit.jupiter.engine.descriptor.ClassBasedTestDescriptor.lambda$instantiateAndPostProcessTestInstance$6(ClassBasedTestDescriptor.java:293)
	at org.junit.platform.engine.support.hierarchical.ThrowableCollector.execute(ThrowableCollector.java:73)
	at org.junit.jupiter.engine.descriptor.ClassBasedTestDescriptor.instantiateAndPostProcessTestInstance(ClassBasedTestDescriptor.java:292)
	at org.junit.jupiter.engine.descriptor.ClassBasedTestDescriptor.lambda$testInstancesProvider$4(ClassBasedTestDescriptor.java:281)
	at java.base/java.util.Optional.orElseGet(Optional.java:364)
	at org.junit.jupiter.engine.descriptor.ClassBasedTestDescriptor.lambda$testInstancesProvider$5(ClassBasedTestDescriptor.java:280)
	at org.junit.jupiter.engine.execution.TestInstancesProvider.getTestInstances(TestInstancesProvider.java:27)
	at org.junit.jupiter.engine.descriptor.TestMethodTestDescriptor.lambda$prepare$0(TestMethodTestDescriptor.java:112)
	at org.junit.platform.engine.support.hierarchical.ThrowableCollector.execute(ThrowableCollector.java:73)
	at org.junit.jupiter.engine.descriptor.TestMethodTestDescriptor.prepare(TestMethodTestDescriptor.java:111)
	at org.junit.jupiter.engine.descriptor.TestMethodTestDescriptor.prepare(TestMethodTestDescriptor.java:69)
	at org.junit.platform.engine.support.hierarchical.NodeTestTask.lambda$prepare$2(NodeTestTask.java:128)
	at org.junit.platform.engine.support.hierarchical.ThrowableCollector.execute(ThrowableCollector.java:73)
	at org.junit.platform.engine.support.hierarchical.NodeTestTask.prepare(NodeTestTask.java:128)
	at org.junit.platform.engine.support.hierarchical.NodeTestTask.execute(NodeTestTask.java:95)
	at java.base/java.util.ArrayList.forEach(ArrayList.java:1511)
	at org.junit.platform.engine.support.hierarchical.SameThreadHierarchicalTestExecutorService.invokeAll(SameThreadHierarchicalTestExecutorService.java:41)
	at org.junit.platform.engine.support.hierarchical.NodeTestTask.lambda$executeRecursively$6(NodeTestTask.java:160)
	at org.junit.platform.engine.support.hierarchical.ThrowableCollector.execute(ThrowableCollector.java:73)
	at org.junit.platform.engine.support.hierarchical.NodeTestTask.lambda$executeRecursively$8(NodeTestTask.java:146)
	at org.junit.platform.engine.support.hierarchical.Node.around(Node.java:137)
	at org.junit.platform.engine.support.hierarchical.NodeTestTask.lambda$executeRecursively$9(NodeTestTask.java:144)
	at org.junit.platform.engine.support.hierarchical.ThrowableCollector.execute(ThrowableCollector.java:73)
	at org.junit.platform.engine.support.hierarchical.NodeTestTask.executeRecursively(NodeTestTask.java:143)
	at org.junit.platform.engine.support.hierarchical.NodeTestTask.execute(NodeTestTask.java:100)
	at java.base/java.util.ArrayList.forEach(ArrayList.java:1511)
	at org.junit.platform.engine.support.hierarchical.SameThreadHierarchicalTestExecutorService.invokeAll(SameThreadHierarchicalTestExecutorService.java:41)
	at org.junit.platform.engine.support.hierarchical.NodeTestTask.lambda$executeRecursively$6(NodeTestTask.java:160)
	at org.junit.platform.engine.support.hierarchical.ThrowableCollector.execute(ThrowableCollector.java:73)
	at org.junit.platform.engine.support.hierarchical.NodeTestTask.lambda$executeRecursively$8(NodeTestTask.java:146)
	at org.junit.platform.engine.support.hierarchical.Node.around(Node.java:137)
	at org.junit.platform.engine.support.hierarchical.NodeTestTask.lambda$executeRecursively$9(NodeTestTask.java:144)
	at org.junit.platform.engine.support.hierarchical.ThrowableCollector.execute(ThrowableCollector.java:73)
	at org.junit.platform.engine.support.hierarchical.NodeTestTask.executeRecursively(NodeTestTask.java:143)
	at org.junit.platform.engine.support.hierarchical.NodeTestTask.execute(NodeTestTask.java:100)
	at org.junit.platform.engine.support.hierarchical.SameThreadHierarchicalTestExecutorService.submit(SameThreadHierarchicalTestExecutorService.java:35)
	at org.junit.platform.engine.support.hierarchical.HierarchicalTestExecutor.execute(HierarchicalTestExecutor.java:57)
	at org.junit.platform.engine.support.hierarchical.HierarchicalTestEngine.execute(HierarchicalTestEngine.java:54)
	at org.junit.platform.launcher.core.EngineExecutionOrchestrator.execute(EngineExecutionOrchestrator.java:201)
	at org.junit.platform.launcher.core.EngineExecutionOrchestrator.execute(EngineExecutionOrchestrator.java:170)
	at org.junit.platform.launcher.core.EngineExecutionOrchestrator.execute(EngineExecutionOrchestrator.java:94)
	at org.junit.platform.launcher.core.EngineExecutionOrchestrator.lambda$execute$0(EngineExecutionOrchestrator.java:59)
	at org.junit.platform.launcher.core.EngineExecutionOrchestrator.withInterceptedStreams(EngineExecutionOrchestrator.java:142)
	at org.junit.platform.launcher.core.EngineExecutionOrchestrator.execute(EngineExecutionOrchestrator.java:58)
	at org.junit.platform.launcher.core.DefaultLauncher.execute(DefaultLauncher.java:103)
	at org.junit.platform.launcher.core.DefaultLauncher.execute(DefaultLauncher.java:85)
	at org.junit.platform.launcher.core.DelegatingLauncher.execute(DelegatingLauncher.java:47)
	at org.junit.platform.launcher.core.InterceptingLauncher.lambda$execute$1(InterceptingLauncher.java:39)
	at org.junit.platform.launcher.core.ClasspathAlignmentCheckingLauncherInterceptor.intercept(ClasspathAlignmentCheckingLauncherInterceptor.java:25)
	at org.junit.platform.launcher.core.InterceptingLauncher.execute(InterceptingLauncher.java:38)
	at org.junit.platform.launcher.core.DelegatingLauncher.execute(DelegatingLauncher.java:47)
	at org.apache.maven.surefire.junitplatform.LauncherAdapter.executeWithoutCancellationToken(LauncherAdapter.java:60)
	at org.apache.maven.surefire.junitplatform.LauncherAdapter.execute(LauncherAdapter.java:52)
	at org.apache.maven.surefire.junitplatform.JUnitPlatformProvider.execute(JUnitPlatformProvider.java:203)
	at org.apache.maven.surefire.junitplatform.JUnitPlatformProvider.invokeAllTests(JUnitPlatformProvider.java:168)
	at org.apache.maven.surefire.junitplatform.JUnitPlatformProvider.invoke(JUnitPlatformProvider.java:136)
	at org.apache.maven.surefire.booter.ForkedBooter.runSuitesInProcess(ForkedBooter.java:385)
	at org.apache.maven.surefire.booter.ForkedBooter.execute(ForkedBooter.java:162)
	at org.apache.maven.surefire.booter.ForkedBooter.run(ForkedBooter.java:507)
	at org.apache.maven.surefire.booter.ForkedBooter.main(ForkedBooter.java:495)
2026-08-07 23:15:51.441 INFO  [kafka-admin-client-thread | NOTIFICATION-SERVICE-admin-0] o.apache.kafka.clients.NetworkClient - [AdminClient clientId=NOTIFICATION-SERVICE-admin-0] Node -1 disconnected.
2026-08-07 23:15:51.441 WARN  [kafka-admin-client-thread | NOTIFICATION-SERVICE-admin-0] o.apache.kafka.clients.NetworkClient - [AdminClient clientId=NOTIFICATION-SERVICE-admin-0] Connection to node -1 (localhost/127.0.0.1:9092) could not be established. Node may not be available.
2026-08-07 23:15:52.447 INFO  [kafka-admin-client-thread | NOTIFICATION-SERVICE-admin-0] o.apache.kafka.clients.NetworkClient - [AdminClient clientId=NOTIFICATION-SERVICE-admin-0] Node -1 disconnected.
2026-08-07 23:15:52.448 WARN  [kafka-admin-client-thread | NOTIFICATION-SERVICE-admin-0] o.apache.kafka.clients.NetworkClient - [AdminClient clientId=NOTIFICATION-SERVICE-admin-0] Connection to node -1 (localhost/127.0.0.1:9092) could not be established. Node may not be available.
2026-08-07 23:15:53.354 INFO  [kafka-admin-client-thread | NOTIFICATION-SERVICE-admin-0] o.apache.kafka.clients.NetworkClient - [AdminClient clientId=NOTIFICATION-SERVICE-admin-0] Node -1 disconnected.
2026-08-07 23:15:53.355 WARN  [kafka-admin-client-thread | NOTIFICATION-SERVICE-admin-0] o.apache.kafka.clients.NetworkClient - [AdminClient clientId=NOTIFICATION-SERVICE-admin-0] Connection to node -1 (localhost/127.0.0.1:9092) could not be established. Node may not be available.
2026-08-07 23:15:54.261 INFO  [kafka-admin-client-thread | NOTIFICATION-SERVICE-admin-0] o.apache.kafka.clients.NetworkClient - [AdminClient clientId=NOTIFICATION-SERVICE-admin-0] Node -1 disconnected.
2026-08-07 23:15:54.261 WARN  [kafka-admin-client-thread | NOTIFICATION-SERVICE-admin-0] o.apache.kafka.clients.NetworkClient - [AdminClient clientId=NOTIFICATION-SERVICE-admin-0] Connection to node -1 (localhost/127.0.0.1:9092) could not be established. Node may not be available.
