2026-07-26 12:44:59.339 INFO  [background-preinit] [no-request-id] o.h.validator.internal.util.Version - HV000001: Hibernate Validator 9.0.1.Final
2026-07-26 12:44:59.428 INFO  [restartedMain] [no-request-id] c.p.gateway.ApiGatewayApplication - Starting ApiGatewayApplication using Java 17.0.19 with PID 831776 (/home/pradeep/Desktop/coding/web_2_projects/Software-Engineering/PrevPaperApp/api-gateway/target/classes started by pradeep in /home/pradeep/Desktop/coding/web_2_projects/Software-Engineering/PrevPaperApp/api-gateway)
2026-07-26 12:44:59.432 INFO  [restartedMain] [no-request-id] c.p.gateway.ApiGatewayApplication - No active profile set, falling back to 1 default profile: "default"
2026-07-26 12:44:59.509 INFO  [restartedMain] [no-request-id] o.s.b.d.e.DevToolsPropertyDefaultsPostProcessor - Devtools property defaults active! Set 'spring.devtools.add-properties' to 'false' to disable
2026-07-26 12:44:59.509 INFO  [restartedMain] [no-request-id] o.s.b.d.e.DevToolsPropertyDefaultsPostProcessor - For additional web related logging consider setting the 'logging.level.web' property to 'DEBUG'
2026-07-26 12:45:00.518 INFO  [restartedMain] [no-request-id] o.s.d.r.c.RepositoryConfigurationDelegate - Multiple Spring Data modules found, entering strict repository configuration mode
2026-07-26 12:45:00.522 INFO  [restartedMain] [no-request-id] o.s.d.r.c.RepositoryConfigurationDelegate - Bootstrapping Spring Data Redis repositories in DEFAULT mode.
2026-07-26 12:45:00.553 INFO  [restartedMain] [no-request-id] o.s.d.r.c.RepositoryConfigurationDelegate - Finished Spring Data repository scanning in 12 ms. Found 0 Redis repository interfaces.
2026-07-26 12:45:01.007 INFO  [restartedMain] [no-request-id] o.s.cloud.context.scope.GenericScope - BeanFactory id=475056e3-d5c8-31f5-86eb-7541cf24fb63
2026-07-26 12:45:01.464 INFO  [restartedMain] [no-request-id] o.s.boot.tomcat.TomcatWebServer - Tomcat initialized with port 8080 (http)
2026-07-26 12:45:01.477 INFO  [restartedMain] [no-request-id] o.a.coyote.http11.Http11NioProtocol - Initializing ProtocolHandler ["http-nio-8080"]
2026-07-26 12:45:01.479 INFO  [restartedMain] [no-request-id] o.a.catalina.core.StandardService - Starting service [Tomcat]
2026-07-26 12:45:01.480 INFO  [restartedMain] [no-request-id] o.a.catalina.core.StandardEngine - Starting Servlet engine: [Apache Tomcat/11.0.18]
2026-07-26 12:45:01.522 INFO  [restartedMain] [no-request-id] o.s.b.w.c.s.WebApplicationContextInitializer - Root WebApplicationContext: initialization completed in 2012 ms
2026-07-26 12:45:04.343 INFO  [restartedMain] [no-request-id] o.s.cloud.commons.util.InetUtils - Cannot determine local hostname
2026-07-26 12:45:04.357 INFO  [restartedMain] [no-request-id] o.s.c.n.e.c.DiscoveryClientOptionalArgsConfiguration - Eureka HTTP Client uses RestClient.
2026-07-26 12:45:04.421 WARN  [restartedMain] [no-request-id] o.s.c.l.c.LoadBalancerCacheAutoConfiguration$LoadBalancerCaffeineWarnLogger - Spring Cloud LoadBalancer is currently working with the default cache. While this cache implementation is useful for development and tests, it's recommended to use Caffeine cache in production.You can switch to using Caffeine cache, by adding it and org.springframework.cache.caffeine.CaffeineCacheManager to the classpath.
2026-07-26 12:45:04.438 INFO  [restartedMain] [no-request-id] o.s.b.a.e.web.EndpointLinksResolver - Exposing 1 endpoint beneath base path '/actuator'
2026-07-26 12:45:04.534 INFO  [restartedMain] [no-request-id] o.s.c.n.eureka.InstanceInfoFactory - Setting initial instance status as: STARTING
2026-07-26 12:45:04.566 INFO  [restartedMain] [no-request-id] c.netflix.discovery.DiscoveryClient - Initializing Eureka in region us-east-1
2026-07-26 12:45:04.570 INFO  [restartedMain] [no-request-id] c.n.d.s.r.aws.ConfigClusterResolver - Resolving eureka endpoints via configuration
2026-07-26 12:45:04.580 INFO  [restartedMain] [no-request-id] c.netflix.discovery.DiscoveryClient - Disable delta property : false
2026-07-26 12:45:04.581 INFO  [restartedMain] [no-request-id] c.netflix.discovery.DiscoveryClient - Single vip registry refresh property : null
2026-07-26 12:45:04.581 INFO  [restartedMain] [no-request-id] c.netflix.discovery.DiscoveryClient - Force full registry fetch : false
2026-07-26 12:45:04.581 INFO  [restartedMain] [no-request-id] c.netflix.discovery.DiscoveryClient - Application is null : false
2026-07-26 12:45:04.581 INFO  [restartedMain] [no-request-id] c.netflix.discovery.DiscoveryClient - Registered Applications size is zero : true
2026-07-26 12:45:04.581 INFO  [restartedMain] [no-request-id] c.netflix.discovery.DiscoveryClient - Application version is -1: true
2026-07-26 12:45:04.581 INFO  [restartedMain] [no-request-id] c.netflix.discovery.DiscoveryClient - Getting all instance registry info from the eureka server
2026-07-26 12:45:04.688 INFO  [restartedMain] [no-request-id] c.n.d.s.t.d.RedirectingEurekaHttpClient - Request execution error. endpoint=DefaultEndpoint{ serviceUrl='http://localhost:8761/eureka/}, exception=I/O error on GET request for "http://localhost:8761/eureka/apps/": Connect to http://localhost:8761 failed: Connection refused stacktrace=org.springframework.web.client.ResourceAccessException: I/O error on GET request for "http://localhost:8761/eureka/apps/": Connect to http://localhost:8761 failed: Connection refused
	at org.springframework.web.client.DefaultRestClient$DefaultRequestBodyUriSpec.createResourceAccessException(DefaultRestClient.java:763)
	at org.springframework.web.client.DefaultRestClient$DefaultRequestBodyUriSpec.exchangeInternal(DefaultRestClient.java:615)
	at org.springframework.web.client.DefaultRestClient$DefaultRequestBodyUriSpec.exchange(DefaultRestClient.java:567)
	at org.springframework.web.client.RestClient$RequestHeadersSpec.exchange(RestClient.java:750)
	at org.springframework.web.client.DefaultRestClient$DefaultResponseSpec.executeAndExtract(DefaultRestClient.java:908)
	at org.springframework.web.client.DefaultRestClient$DefaultResponseSpec.toEntityInternal(DefaultRestClient.java:854)
	at org.springframework.web.client.DefaultRestClient$DefaultResponseSpec.toEntity(DefaultRestClient.java:843)
	at org.springframework.cloud.netflix.eureka.http.RestClientEurekaHttpClient.getApplicationsInternal(RestClientEurekaHttpClient.java:201)
	at org.springframework.cloud.netflix.eureka.http.RestClientEurekaHttpClient.getApplications(RestClientEurekaHttpClient.java:137)
	at com.netflix.discovery.shared.transport.decorator.EurekaHttpClientDecorator$6.execute(EurekaHttpClientDecorator.java:137)
	at com.netflix.discovery.shared.transport.decorator.RedirectingEurekaHttpClient.executeOnNewServer(RedirectingEurekaHttpClient.java:121)
	at com.netflix.discovery.shared.transport.decorator.RedirectingEurekaHttpClient.execute(RedirectingEurekaHttpClient.java:80)
	at com.netflix.discovery.shared.transport.decorator.EurekaHttpClientDecorator.getApplications(EurekaHttpClientDecorator.java:134)
	at com.netflix.discovery.shared.transport.decorator.EurekaHttpClientDecorator$6.execute(EurekaHttpClientDecorator.java:137)
	at com.netflix.discovery.shared.transport.decorator.RetryableEurekaHttpClient.execute(RetryableEurekaHttpClient.java:120)
	at com.netflix.discovery.shared.transport.decorator.EurekaHttpClientDecorator.getApplications(EurekaHttpClientDecorator.java:134)
	at com.netflix.discovery.shared.transport.decorator.EurekaHttpClientDecorator$6.execute(EurekaHttpClientDecorator.java:137)
	at com.netflix.discovery.shared.transport.decorator.SessionedEurekaHttpClient.execute(SessionedEurekaHttpClient.java:76)
	at com.netflix.discovery.shared.transport.decorator.EurekaHttpClientDecorator.getApplications(EurekaHttpClientDecorator.java:134)
	at com.netflix.discovery.DiscoveryClient.getAndStoreFullRegistry(DiscoveryClient.java:1046)
	at com.netflix.discovery.DiscoveryClient.fetchRegistry(DiscoveryClient.java:961)
	at com.netflix.discovery.DiscoveryClient.<init>(DiscoveryClient.java:410)
	at com.netflix.discovery.DiscoveryClient.<init>(DiscoveryClient.java:245)
	at com.netflix.discovery.DiscoveryClient.<init>(DiscoveryClient.java:240)
	at org.springframework.cloud.netflix.eureka.CloudEurekaClient.<init>(CloudEurekaClient.java:68)
	at org.springframework.cloud.netflix.eureka.EurekaClientAutoConfiguration$RefreshableEurekaClientConfiguration.eurekaClient(EurekaClientAutoConfiguration.java:324)
	at java.base/jdk.internal.reflect.NativeMethodAccessorImpl.invoke0(Native Method)
	at java.base/jdk.internal.reflect.NativeMethodAccessorImpl.invoke(NativeMethodAccessorImpl.java:77)
	at java.base/jdk.internal.reflect.DelegatingMethodAccessorImpl.invoke(DelegatingMethodAccessorImpl.java:43)
	at java.base/java.lang.reflect.Method.invoke(Method.java:569)
	at org.springframework.beans.factory.support.SimpleInstantiationStrategy.lambda$instantiate$0(SimpleInstantiationStrategy.java:155)
	at org.springframework.beans.factory.support.SimpleInstantiationStrategy.instantiateWithFactoryMethod(SimpleInstantiationStrategy.java:72)
	at org.springframework.beans.factory.support.SimpleInstantiationStrategy.instantiate(SimpleInstantiationStrategy.java:152)
	at org.springframework.beans.factory.support.ConstructorResolver.instantiate(ConstructorResolver.java:653)
	at org.springframework.beans.factory.support.ConstructorResolver.instantiateUsingFactoryMethod(ConstructorResolver.java:645)
	at org.springframework.beans.factory.support.AbstractAutowireCapableBeanFactory.instantiateUsingFactoryMethod(AbstractAutowireCapableBeanFactory.java:1362)
	at org.springframework.beans.factory.support.AbstractAutowireCapableBeanFactory.createBeanInstance(AbstractAutowireCapableBeanFactory.java:1194)
	at org.springframework.beans.factory.support.AbstractAutowireCapableBeanFactory.doCreateBean(AbstractAutowireCapableBeanFactory.java:565)
	at org.springframework.beans.factory.support.AbstractAutowireCapableBeanFactory.createBean(AbstractAutowireCapableBeanFactory.java:525)
	at org.springframework.beans.factory.support.AbstractBeanFactory.lambda$doGetBean$1(AbstractBeanFactory.java:372)
	at org.springframework.cloud.context.scope.GenericScope$BeanLifecycleWrapper.getBean(GenericScope.java:373)
	at org.springframework.cloud.context.scope.GenericScope.get(GenericScope.java:177)
	at org.springframework.beans.factory.support.AbstractBeanFactory.doGetBean(AbstractBeanFactory.java:369)
	at org.springframework.beans.factory.support.AbstractBeanFactory.getBean(AbstractBeanFactory.java:196)
	at org.springframework.aop.target.SimpleBeanTargetSource.getTarget(SimpleBeanTargetSource.java:35)
	at org.springframework.cloud.netflix.eureka.serviceregistry.EurekaRegistration.getTargetObject(EurekaRegistration.java:128)
	at org.springframework.cloud.netflix.eureka.serviceregistry.EurekaRegistration.getEurekaClient(EurekaRegistration.java:116)
	at java.base/jdk.internal.reflect.NativeMethodAccessorImpl.invoke0(Native Method)
	at java.base/jdk.internal.reflect.NativeMethodAccessorImpl.invoke(NativeMethodAccessorImpl.java:77)
	at java.base/jdk.internal.reflect.DelegatingMethodAccessorImpl.invoke(DelegatingMethodAccessorImpl.java:43)
	at java.base/java.lang.reflect.Method.invoke(Method.java:569)
	at org.springframework.util.ReflectionUtils.invokeMethod(ReflectionUtils.java:281)
	at org.springframework.cloud.context.scope.GenericScope$LockedScopedProxyFactoryBean.invoke(GenericScope.java:480)
	at org.springframework.aop.framework.ReflectiveMethodInvocation.proceed(ReflectiveMethodInvocation.java:179)
	at org.springframework.aop.framework.CglibAopProxy$DynamicAdvisedInterceptor.intercept(CglibAopProxy.java:719)
	at org.springframework.cloud.netflix.eureka.serviceregistry.EurekaRegistration$$SpringCGLIB$$0.getEurekaClient(<generated>)
	at org.springframework.cloud.netflix.eureka.serviceregistry.EurekaServiceRegistry.maybeInitializeClient(EurekaServiceRegistry.java:83)
	at org.springframework.cloud.netflix.eureka.serviceregistry.EurekaServiceRegistry.register(EurekaServiceRegistry.java:66)
	at org.springframework.cloud.netflix.eureka.serviceregistry.EurekaAutoServiceRegistration.start(EurekaAutoServiceRegistration.java:89)
	at org.springframework.context.support.DefaultLifecycleProcessor.doStart(DefaultLifecycleProcessor.java:420)
	at org.springframework.context.support.DefaultLifecycleProcessor.doStart(DefaultLifecycleProcessor.java:409)
	at org.springframework.context.support.DefaultLifecycleProcessor$LifecycleGroup.start(DefaultLifecycleProcessor.java:613)
	at java.base/java.lang.Iterable.forEach(Iterable.java:75)
	at org.springframework.context.support.DefaultLifecycleProcessor.startBeans(DefaultLifecycleProcessor.java:379)
	at org.springframework.context.support.DefaultLifecycleProcessor.onRefresh(DefaultLifecycleProcessor.java:306)
	at org.springframework.context.support.AbstractApplicationContext.finishRefresh(AbstractApplicationContext.java:1013)
	at org.springframework.context.support.AbstractApplicationContext.refresh(AbstractApplicationContext.java:624)
	at org.springframework.boot.web.server.servlet.context.ServletWebServerApplicationContext.refresh(ServletWebServerApplicationContext.java:143)
	at org.springframework.boot.SpringApplication.refresh(SpringApplication.java:756)
	at org.springframework.boot.SpringApplication.refreshContext(SpringApplication.java:445)
	at org.springframework.boot.SpringApplication.run(SpringApplication.java:321)
	at org.springframework.boot.SpringApplication.run(SpringApplication.java:1365)
	at org.springframework.boot.SpringApplication.run(SpringApplication.java:1354)
	at com.prevpaper.gateway.ApiGatewayApplication.main(ApiGatewayApplication.java:28)
	at java.base/jdk.internal.reflect.NativeMethodAccessorImpl.invoke0(Native Method)
	at java.base/jdk.internal.reflect.NativeMethodAccessorImpl.invoke(NativeMethodAccessorImpl.java:77)
	at java.base/jdk.internal.reflect.DelegatingMethodAccessorImpl.invoke(DelegatingMethodAccessorImpl.java:43)
	at java.base/java.lang.reflect.Method.invoke(Method.java:569)
	at org.springframework.boot.devtools.restart.RestartLauncher.run(RestartLauncher.java:52)
Caused by: org.apache.hc.client5.http.HttpHostConnectException: Connect to http://localhost:8761 failed: Connection refused
	at java.base/sun.nio.ch.Net.pollConnect(Native Method)
	at java.base/sun.nio.ch.Net.pollConnectNow(Net.java:684)
	at java.base/sun.nio.ch.NioSocketImpl.timedFinishConnect(NioSocketImpl.java:547)
	at java.base/sun.nio.ch.NioSocketImpl.connect(NioSocketImpl.java:602)
	at java.base/java.net.SocksSocketImpl.connect(SocksSocketImpl.java:327)
	at java.base/java.net.Socket.connect(Socket.java:633)
	at org.apache.hc.client5.http.impl.io.DefaultHttpClientConnectionOperator.connect(DefaultHttpClientConnectionOperator.java:226)
	at org.apache.hc.client5.http.impl.io.PoolingHttpClientConnectionManager.connect(PoolingHttpClientConnectionManager.java:497)
	at org.apache.hc.client5.http.impl.classic.InternalExecRuntime.connectEndpoint(InternalExecRuntime.java:164)
	at org.apache.hc.client5.http.impl.classic.InternalExecRuntime.connectEndpoint(InternalExecRuntime.java:174)
	at org.apache.hc.client5.http.impl.classic.ConnectExec.execute(ConnectExec.java:144)
	at org.apache.hc.client5.http.impl.classic.ExecChainElement.execute(ExecChainElement.java:51)
	at org.apache.hc.client5.http.impl.classic.ProtocolExec.execute(ProtocolExec.java:195)
	at org.apache.hc.client5.http.impl.classic.ExecChainElement.execute(ExecChainElement.java:51)
	at org.apache.hc.client5.http.impl.classic.ContentCompressionExec.execute(ContentCompressionExec.java:168)
	at org.apache.hc.client5.http.impl.classic.ExecChainElement.execute(ExecChainElement.java:51)
	at org.apache.hc.client5.http.impl.classic.HttpRequestRetryExec.execute(HttpRequestRetryExec.java:112)
	at org.apache.hc.client5.http.impl.classic.ExecChainElement.execute(ExecChainElement.java:51)
	at org.apache.hc.client5.http.impl.classic.RedirectExec.execute(RedirectExec.java:110)
	at org.apache.hc.client5.http.impl.classic.ExecChainElement.execute(ExecChainElement.java:51)
	at org.apache.hc.client5.http.impl.classic.InternalHttpClient.doExecute(InternalHttpClient.java:185)
	at org.apache.hc.client5.http.impl.classic.CloseableHttpClient.execute(CloseableHttpClient.java:87)
	at org.apache.hc.client5.http.impl.classic.CloseableHttpClient.execute(CloseableHttpClient.java:55)
	at org.apache.hc.client5.http.classic.HttpClient.executeOpen(HttpClient.java:183)
	at org.springframework.http.client.HttpComponentsClientHttpRequest.executeInternal(HttpComponentsClientHttpRequest.java:99)
	at org.springframework.http.client.AbstractStreamingClientHttpRequest.executeInternal(AbstractStreamingClientHttpRequest.java:87)
	at org.springframework.http.client.AbstractClientHttpRequest.execute(AbstractClientHttpRequest.java:80)
	at org.springframework.http.client.AbstractBufferingClientHttpRequest.executeWithRequest(AbstractBufferingClientHttpRequest.java:89)
	at org.springframework.http.client.InterceptingClientHttpRequest$EndOfChainRequestExecution.execute(InterceptingClientHttpRequest.java:102)
	at org.springframework.cloud.netflix.eureka.http.RestClientTransportClientFactory.lambda$newClient$2(RestClientTransportClientFactory.java:98)
	at org.springframework.http.client.ClientHttpRequestInterceptor.lambda$apply$0(ClientHttpRequestInterceptor.java:89)
	at org.springframework.http.client.InterceptingClientHttpRequest.executeInternal(InterceptingClientHttpRequest.java:73)
	at org.springframework.http.client.AbstractBufferingClientHttpRequest.executeInternal(AbstractBufferingClientHttpRequest.java:50)
	at org.springframework.http.client.AbstractClientHttpRequest.execute(AbstractClientHttpRequest.java:80)
	at org.springframework.web.client.DefaultRestClient$DefaultRequestBodyUriSpec.exchangeInternal(DefaultRestClient.java:609)
	... 77 more

2026-07-26 12:45:04.690 WARN  [restartedMain] [no-request-id] c.n.d.s.t.d.RetryableEurekaHttpClient - Request execution failed with message: I/O error on GET request for "http://localhost:8761/eureka/apps/": Connect to http://localhost:8761 failed: Connection refused
2026-07-26 12:45:04.691 INFO  [restartedMain] [no-request-id] c.netflix.discovery.DiscoveryClient - DiscoveryClient_API-GATEWAY/10.123.163.181:API-GATEWAY:8080 - was unable to refresh its cache! This periodic background refresh will be retried in 30 seconds. status = Cannot execute request on any known server stacktrace = com.netflix.discovery.shared.transport.TransportException: Cannot execute request on any known server
	at com.netflix.discovery.shared.transport.decorator.RetryableEurekaHttpClient.execute(RetryableEurekaHttpClient.java:112)
	at com.netflix.discovery.shared.transport.decorator.EurekaHttpClientDecorator.getApplications(EurekaHttpClientDecorator.java:134)
	at com.netflix.discovery.shared.transport.decorator.EurekaHttpClientDecorator$6.execute(EurekaHttpClientDecorator.java:137)
	at com.netflix.discovery.shared.transport.decorator.SessionedEurekaHttpClient.execute(SessionedEurekaHttpClient.java:76)
	at com.netflix.discovery.shared.transport.decorator.EurekaHttpClientDecorator.getApplications(EurekaHttpClientDecorator.java:134)
	at com.netflix.discovery.DiscoveryClient.getAndStoreFullRegistry(DiscoveryClient.java:1046)
	at com.netflix.discovery.DiscoveryClient.fetchRegistry(DiscoveryClient.java:961)
	at com.netflix.discovery.DiscoveryClient.<init>(DiscoveryClient.java:410)
	at com.netflix.discovery.DiscoveryClient.<init>(DiscoveryClient.java:245)
	at com.netflix.discovery.DiscoveryClient.<init>(DiscoveryClient.java:240)
	at org.springframework.cloud.netflix.eureka.CloudEurekaClient.<init>(CloudEurekaClient.java:68)
	at org.springframework.cloud.netflix.eureka.EurekaClientAutoConfiguration$RefreshableEurekaClientConfiguration.eurekaClient(EurekaClientAutoConfiguration.java:324)
	at java.base/jdk.internal.reflect.NativeMethodAccessorImpl.invoke0(Native Method)
	at java.base/jdk.internal.reflect.NativeMethodAccessorImpl.invoke(NativeMethodAccessorImpl.java:77)
	at java.base/jdk.internal.reflect.DelegatingMethodAccessorImpl.invoke(DelegatingMethodAccessorImpl.java:43)
	at java.base/java.lang.reflect.Method.invoke(Method.java:569)
	at org.springframework.beans.factory.support.SimpleInstantiationStrategy.lambda$instantiate$0(SimpleInstantiationStrategy.java:155)
	at org.springframework.beans.factory.support.SimpleInstantiationStrategy.instantiateWithFactoryMethod(SimpleInstantiationStrategy.java:72)
	at org.springframework.beans.factory.support.SimpleInstantiationStrategy.instantiate(SimpleInstantiationStrategy.java:152)
	at org.springframework.beans.factory.support.ConstructorResolver.instantiate(ConstructorResolver.java:653)
	at org.springframework.beans.factory.support.ConstructorResolver.instantiateUsingFactoryMethod(ConstructorResolver.java:645)
	at org.springframework.beans.factory.support.AbstractAutowireCapableBeanFactory.instantiateUsingFactoryMethod(AbstractAutowireCapableBeanFactory.java:1362)
	at org.springframework.beans.factory.support.AbstractAutowireCapableBeanFactory.createBeanInstance(AbstractAutowireCapableBeanFactory.java:1194)
	at org.springframework.beans.factory.support.AbstractAutowireCapableBeanFactory.doCreateBean(AbstractAutowireCapableBeanFactory.java:565)
	at org.springframework.beans.factory.support.AbstractAutowireCapableBeanFactory.createBean(AbstractAutowireCapableBeanFactory.java:525)
	at org.springframework.beans.factory.support.AbstractBeanFactory.lambda$doGetBean$1(AbstractBeanFactory.java:372)
	at org.springframework.cloud.context.scope.GenericScope$BeanLifecycleWrapper.getBean(GenericScope.java:373)
	at org.springframework.cloud.context.scope.GenericScope.get(GenericScope.java:177)
	at org.springframework.beans.factory.support.AbstractBeanFactory.doGetBean(AbstractBeanFactory.java:369)
	at org.springframework.beans.factory.support.AbstractBeanFactory.getBean(AbstractBeanFactory.java:196)
	at org.springframework.aop.target.SimpleBeanTargetSource.getTarget(SimpleBeanTargetSource.java:35)
	at org.springframework.cloud.netflix.eureka.serviceregistry.EurekaRegistration.getTargetObject(EurekaRegistration.java:128)
	at org.springframework.cloud.netflix.eureka.serviceregistry.EurekaRegistration.getEurekaClient(EurekaRegistration.java:116)
	at java.base/jdk.internal.reflect.NativeMethodAccessorImpl.invoke0(Native Method)
	at java.base/jdk.internal.reflect.NativeMethodAccessorImpl.invoke(NativeMethodAccessorImpl.java:77)
	at java.base/jdk.internal.reflect.DelegatingMethodAccessorImpl.invoke(DelegatingMethodAccessorImpl.java:43)
	at java.base/java.lang.reflect.Method.invoke(Method.java:569)
	at org.springframework.util.ReflectionUtils.invokeMethod(ReflectionUtils.java:281)
	at org.springframework.cloud.context.scope.GenericScope$LockedScopedProxyFactoryBean.invoke(GenericScope.java:480)
	at org.springframework.aop.framework.ReflectiveMethodInvocation.proceed(ReflectiveMethodInvocation.java:179)
	at org.springframework.aop.framework.CglibAopProxy$DynamicAdvisedInterceptor.intercept(CglibAopProxy.java:719)
	at org.springframework.cloud.netflix.eureka.serviceregistry.EurekaRegistration$$SpringCGLIB$$0.getEurekaClient(<generated>)
	at org.springframework.cloud.netflix.eureka.serviceregistry.EurekaServiceRegistry.maybeInitializeClient(EurekaServiceRegistry.java:83)
	at org.springframework.cloud.netflix.eureka.serviceregistry.EurekaServiceRegistry.register(EurekaServiceRegistry.java:66)
	at org.springframework.cloud.netflix.eureka.serviceregistry.EurekaAutoServiceRegistration.start(EurekaAutoServiceRegistration.java:89)
	at org.springframework.context.support.DefaultLifecycleProcessor.doStart(DefaultLifecycleProcessor.java:420)
	at org.springframework.context.support.DefaultLifecycleProcessor.doStart(DefaultLifecycleProcessor.java:409)
	at org.springframework.context.support.DefaultLifecycleProcessor$LifecycleGroup.start(DefaultLifecycleProcessor.java:613)
	at java.base/java.lang.Iterable.forEach(Iterable.java:75)
	at org.springframework.context.support.DefaultLifecycleProcessor.startBeans(DefaultLifecycleProcessor.java:379)
	at org.springframework.context.support.DefaultLifecycleProcessor.onRefresh(DefaultLifecycleProcessor.java:306)
	at org.springframework.context.support.AbstractApplicationContext.finishRefresh(AbstractApplicationContext.java:1013)
	at org.springframework.context.support.AbstractApplicationContext.refresh(AbstractApplicationContext.java:624)
	at org.springframework.boot.web.server.servlet.context.ServletWebServerApplicationContext.refresh(ServletWebServerApplicationContext.java:143)
	at org.springframework.boot.SpringApplication.refresh(SpringApplication.java:756)
	at org.springframework.boot.SpringApplication.refreshContext(SpringApplication.java:445)
	at org.springframework.boot.SpringApplication.run(SpringApplication.java:321)
	at org.springframework.boot.SpringApplication.run(SpringApplication.java:1365)
	at org.springframework.boot.SpringApplication.run(SpringApplication.java:1354)
	at com.prevpaper.gateway.ApiGatewayApplication.main(ApiGatewayApplication.java:28)
	at java.base/jdk.internal.reflect.NativeMethodAccessorImpl.invoke0(Native Method)
	at java.base/jdk.internal.reflect.NativeMethodAccessorImpl.invoke(NativeMethodAccessorImpl.java:77)
	at java.base/jdk.internal.reflect.DelegatingMethodAccessorImpl.invoke(DelegatingMethodAccessorImpl.java:43)
	at java.base/java.lang.reflect.Method.invoke(Method.java:569)
	at org.springframework.boot.devtools.restart.RestartLauncher.run(RestartLauncher.java:52)

2026-07-26 12:45:04.692 INFO  [restartedMain] [no-request-id] c.netflix.discovery.DiscoveryClient - Initial registry fetch from primary servers failed
2026-07-26 12:45:04.692 WARN  [restartedMain] [no-request-id] c.netflix.discovery.DiscoveryClient - Using default backup registry implementation which does not do anything.
2026-07-26 12:45:04.693 INFO  [restartedMain] [no-request-id] c.netflix.discovery.DiscoveryClient - Initial registry fetch from backup servers failed
2026-07-26 12:45:04.695 INFO  [restartedMain] [no-request-id] c.netflix.discovery.DiscoveryClient - Starting heartbeat executor: renew interval is: 30
2026-07-26 12:45:04.698 INFO  [restartedMain] [no-request-id] c.n.discovery.InstanceInfoReplicator - InstanceInfoReplicator onDemand update allowed rate per min is 4
2026-07-26 12:45:04.702 INFO  [restartedMain] [no-request-id] c.netflix.discovery.DiscoveryClient - Discovery Client initialized at timestamp 1785050104700 with initial instances count: 0
2026-07-26 12:45:04.710 INFO  [restartedMain] [no-request-id] o.s.c.n.e.s.EurekaServiceRegistry - Registering application API-GATEWAY with eureka with status UP
2026-07-26 12:45:04.711 INFO  [restartedMain] [no-request-id] c.netflix.discovery.DiscoveryClient - Saw local status change event StatusChangeEvent [timestamp=1785050104711, current=UP, previous=STARTING]
2026-07-26 12:45:04.714 INFO  [DiscoveryClient-InstanceInfoReplicator-%d] [no-request-id] c.netflix.discovery.DiscoveryClient - DiscoveryClient_API-GATEWAY/10.123.163.181:API-GATEWAY:8080: registering service...
2026-07-26 12:45:04.717 INFO  [restartedMain] [no-request-id] o.a.coyote.http11.Http11NioProtocol - Starting ProtocolHandler ["http-nio-8080"]
2026-07-26 12:45:04.735 INFO  [restartedMain] [no-request-id] o.s.boot.tomcat.TomcatWebServer - Tomcat started on port 8080 (http) with context path '/'
2026-07-26 12:45:04.737 INFO  [restartedMain] [no-request-id] o.s.c.n.e.s.EurekaAutoServiceRegistration - Updating port to 8080
2026-07-26 12:45:04.842 INFO  [DiscoveryClient-InstanceInfoReplicator-%d] [no-request-id] c.n.d.s.t.d.RedirectingEurekaHttpClient - Request execution error. endpoint=DefaultEndpoint{ serviceUrl='http://localhost:8761/eureka/}, exception=I/O error on POST request for "http://localhost:8761/eureka/apps/API-GATEWAY": Connect to http://localhost:8761 failed: Connection refused stacktrace=org.springframework.web.client.ResourceAccessException: I/O error on POST request for "http://localhost:8761/eureka/apps/API-GATEWAY": Connect to http://localhost:8761 failed: Connection refused
	at org.springframework.web.client.DefaultRestClient$DefaultRequestBodyUriSpec.createResourceAccessException(DefaultRestClient.java:763)
	at org.springframework.web.client.DefaultRestClient$DefaultRequestBodyUriSpec.exchangeInternal(DefaultRestClient.java:615)
	at org.springframework.web.client.DefaultRestClient$DefaultRequestBodyUriSpec.exchange(DefaultRestClient.java:567)
	at org.springframework.web.client.RestClient$RequestHeadersSpec.exchange(RestClient.java:750)
	at org.springframework.web.client.DefaultRestClient$DefaultResponseSpec.executeAndExtract(DefaultRestClient.java:908)
	at org.springframework.web.client.DefaultRestClient$DefaultResponseSpec.toBodilessEntity(DefaultRestClient.java:872)
	at org.springframework.cloud.netflix.eureka.http.RestClientEurekaHttpClient.register(RestClientEurekaHttpClient.java:64)
	at com.netflix.discovery.shared.transport.decorator.EurekaHttpClientDecorator$1.execute(EurekaHttpClientDecorator.java:59)
	at com.netflix.discovery.shared.transport.decorator.RedirectingEurekaHttpClient.executeOnNewServer(RedirectingEurekaHttpClient.java:121)
	at com.netflix.discovery.shared.transport.decorator.RedirectingEurekaHttpClient.execute(RedirectingEurekaHttpClient.java:80)
	at com.netflix.discovery.shared.transport.decorator.EurekaHttpClientDecorator.register(EurekaHttpClientDecorator.java:56)
	at com.netflix.discovery.shared.transport.decorator.EurekaHttpClientDecorator$1.execute(EurekaHttpClientDecorator.java:59)
	at com.netflix.discovery.shared.transport.decorator.RetryableEurekaHttpClient.execute(RetryableEurekaHttpClient.java:120)
	at com.netflix.discovery.shared.transport.decorator.EurekaHttpClientDecorator.register(EurekaHttpClientDecorator.java:56)
	at com.netflix.discovery.shared.transport.decorator.EurekaHttpClientDecorator$1.execute(EurekaHttpClientDecorator.java:59)
	at com.netflix.discovery.shared.transport.decorator.SessionedEurekaHttpClient.execute(SessionedEurekaHttpClient.java:76)
	at com.netflix.discovery.shared.transport.decorator.EurekaHttpClientDecorator.register(EurekaHttpClientDecorator.java:56)
	at com.netflix.discovery.DiscoveryClient.register(DiscoveryClient.java:828)
	at com.netflix.discovery.InstanceInfoReplicator.run(InstanceInfoReplicator.java:125)
	at com.netflix.discovery.InstanceInfoReplicator$2.run(InstanceInfoReplicator.java:105)
	at java.base/java.util.concurrent.Executors$RunnableAdapter.call(Executors.java:539)
	at java.base/java.util.concurrent.FutureTask.run(FutureTask.java:264)
	at java.base/java.util.concurrent.ScheduledThreadPoolExecutor$ScheduledFutureTask.run(ScheduledThreadPoolExecutor.java:304)
	at java.base/java.util.concurrent.ThreadPoolExecutor.runWorker(ThreadPoolExecutor.java:1136)
	at java.base/java.util.concurrent.ThreadPoolExecutor$Worker.run(ThreadPoolExecutor.java:635)
	at java.base/java.lang.Thread.run(Thread.java:840)
Caused by: org.apache.hc.client5.http.HttpHostConnectException: Connect to http://localhost:8761 failed: Connection refused
	at java.base/sun.nio.ch.Net.pollConnect(Native Method)
	at java.base/sun.nio.ch.Net.pollConnectNow(Net.java:684)
	at java.base/sun.nio.ch.NioSocketImpl.timedFinishConnect(NioSocketImpl.java:547)
	at java.base/sun.nio.ch.NioSocketImpl.connect(NioSocketImpl.java:602)
	at java.base/java.net.SocksSocketImpl.connect(SocksSocketImpl.java:327)
	at java.base/java.net.Socket.connect(Socket.java:633)
	at org.apache.hc.client5.http.impl.io.DefaultHttpClientConnectionOperator.connect(DefaultHttpClientConnectionOperator.java:226)
	at org.apache.hc.client5.http.impl.io.PoolingHttpClientConnectionManager.connect(PoolingHttpClientConnectionManager.java:497)
	at org.apache.hc.client5.http.impl.classic.InternalExecRuntime.connectEndpoint(InternalExecRuntime.java:164)
	at org.apache.hc.client5.http.impl.classic.InternalExecRuntime.connectEndpoint(InternalExecRuntime.java:174)
	at org.apache.hc.client5.http.impl.classic.ConnectExec.execute(ConnectExec.java:144)
	at org.apache.hc.client5.http.impl.classic.ExecChainElement.execute(ExecChainElement.java:51)
	at org.apache.hc.client5.http.impl.classic.ProtocolExec.execute(ProtocolExec.java:195)
	at org.apache.hc.client5.http.impl.classic.ExecChainElement.execute(ExecChainElement.java:51)
	at org.apache.hc.client5.http.impl.classic.ContentCompressionExec.execute(ContentCompressionExec.java:168)
	at org.apache.hc.client5.http.impl.classic.ExecChainElement.execute(ExecChainElement.java:51)
	at org.apache.hc.client5.http.impl.classic.HttpRequestRetryExec.execute(HttpRequestRetryExec.java:112)
	at org.apache.hc.client5.http.impl.classic.ExecChainElement.execute(ExecChainElement.java:51)
	at org.apache.hc.client5.http.impl.classic.RedirectExec.execute(RedirectExec.java:110)
	at org.apache.hc.client5.http.impl.classic.ExecChainElement.execute(ExecChainElement.java:51)
	at org.apache.hc.client5.http.impl.classic.InternalHttpClient.doExecute(InternalHttpClient.java:185)
	at org.apache.hc.client5.http.impl.classic.CloseableHttpClient.execute(CloseableHttpClient.java:87)
	at org.apache.hc.client5.http.impl.classic.CloseableHttpClient.execute(CloseableHttpClient.java:55)
	at org.apache.hc.client5.http.classic.HttpClient.executeOpen(HttpClient.java:183)
	at org.springframework.http.client.HttpComponentsClientHttpRequest.executeInternal(HttpComponentsClientHttpRequest.java:99)
	at org.springframework.http.client.AbstractStreamingClientHttpRequest.executeInternal(AbstractStreamingClientHttpRequest.java:87)
	at org.springframework.http.client.AbstractClientHttpRequest.execute(AbstractClientHttpRequest.java:80)
	at org.springframework.http.client.AbstractBufferingClientHttpRequest.executeWithRequest(AbstractBufferingClientHttpRequest.java:89)
	at org.springframework.http.client.InterceptingClientHttpRequest$EndOfChainRequestExecution.execute(InterceptingClientHttpRequest.java:102)
	at org.springframework.cloud.netflix.eureka.http.RestClientTransportClientFactory.lambda$newClient$2(RestClientTransportClientFactory.java:98)
	at org.springframework.http.client.ClientHttpRequestInterceptor.lambda$apply$0(ClientHttpRequestInterceptor.java:89)
	at org.springframework.http.client.InterceptingClientHttpRequest.executeInternal(InterceptingClientHttpRequest.java:73)
	at org.springframework.http.client.AbstractBufferingClientHttpRequest.executeInternal(AbstractBufferingClientHttpRequest.java:50)
	at org.springframework.http.client.AbstractClientHttpRequest.execute(AbstractClientHttpRequest.java:80)
	at org.springframework.web.client.DefaultRestClient$DefaultRequestBodyUriSpec.exchangeInternal(DefaultRestClient.java:609)
	... 24 more

2026-07-26 12:45:04.843 WARN  [DiscoveryClient-InstanceInfoReplicator-%d] [no-request-id] c.n.d.s.t.d.RetryableEurekaHttpClient - Request execution failed with message: I/O error on POST request for "http://localhost:8761/eureka/apps/API-GATEWAY": Connect to http://localhost:8761 failed: Connection refused
2026-07-26 12:45:04.843 WARN  [DiscoveryClient-InstanceInfoReplicator-%d] [no-request-id] c.netflix.discovery.DiscoveryClient - DiscoveryClient_API-GATEWAY/10.123.163.181:API-GATEWAY:8080 - registration failed Cannot execute request on any known server
com.netflix.discovery.shared.transport.TransportException: Cannot execute request on any known server
	at com.netflix.discovery.shared.transport.decorator.RetryableEurekaHttpClient.execute(RetryableEurekaHttpClient.java:112)
	at com.netflix.discovery.shared.transport.decorator.EurekaHttpClientDecorator.register(EurekaHttpClientDecorator.java:56)
	at com.netflix.discovery.shared.transport.decorator.EurekaHttpClientDecorator$1.execute(EurekaHttpClientDecorator.java:59)
	at com.netflix.discovery.shared.transport.decorator.SessionedEurekaHttpClient.execute(SessionedEurekaHttpClient.java:76)
	at com.netflix.discovery.shared.transport.decorator.EurekaHttpClientDecorator.register(EurekaHttpClientDecorator.java:56)
	at com.netflix.discovery.DiscoveryClient.register(DiscoveryClient.java:828)
	at com.netflix.discovery.InstanceInfoReplicator.run(InstanceInfoReplicator.java:125)
	at com.netflix.discovery.InstanceInfoReplicator$2.run(InstanceInfoReplicator.java:105)
	at java.base/java.util.concurrent.Executors$RunnableAdapter.call(Executors.java:539)
	at java.base/java.util.concurrent.FutureTask.run(FutureTask.java:264)
	at java.base/java.util.concurrent.ScheduledThreadPoolExecutor$ScheduledFutureTask.run(ScheduledThreadPoolExecutor.java:304)
	at java.base/java.util.concurrent.ThreadPoolExecutor.runWorker(ThreadPoolExecutor.java:1136)
	at java.base/java.util.concurrent.ThreadPoolExecutor$Worker.run(ThreadPoolExecutor.java:635)
	at java.base/java.lang.Thread.run(Thread.java:840)
2026-07-26 12:45:04.847 WARN  [DiscoveryClient-InstanceInfoReplicator-%d] [no-request-id] c.n.discovery.InstanceInfoReplicator - There was a problem with the instance info replicator
com.netflix.discovery.shared.transport.TransportException: Cannot execute request on any known server
	at com.netflix.discovery.shared.transport.decorator.RetryableEurekaHttpClient.execute(RetryableEurekaHttpClient.java:112)
	at com.netflix.discovery.shared.transport.decorator.EurekaHttpClientDecorator.register(EurekaHttpClientDecorator.java:56)
	at com.netflix.discovery.shared.transport.decorator.EurekaHttpClientDecorator$1.execute(EurekaHttpClientDecorator.java:59)
	at com.netflix.discovery.shared.transport.decorator.SessionedEurekaHttpClient.execute(SessionedEurekaHttpClient.java:76)
	at com.netflix.discovery.shared.transport.decorator.EurekaHttpClientDecorator.register(EurekaHttpClientDecorator.java:56)
	at com.netflix.discovery.DiscoveryClient.register(DiscoveryClient.java:828)
	at com.netflix.discovery.InstanceInfoReplicator.run(InstanceInfoReplicator.java:125)
	at com.netflix.discovery.InstanceInfoReplicator$2.run(InstanceInfoReplicator.java:105)
	at java.base/java.util.concurrent.Executors$RunnableAdapter.call(Executors.java:539)
	at java.base/java.util.concurrent.FutureTask.run(FutureTask.java:264)
	at java.base/java.util.concurrent.ScheduledThreadPoolExecutor$ScheduledFutureTask.run(ScheduledThreadPoolExecutor.java:304)
	at java.base/java.util.concurrent.ThreadPoolExecutor.runWorker(ThreadPoolExecutor.java:1136)
	at java.base/java.util.concurrent.ThreadPoolExecutor$Worker.run(ThreadPoolExecutor.java:635)
	at java.base/java.lang.Thread.run(Thread.java:840)
2026-07-26 12:45:05.740 INFO  [restartedMain] [no-request-id] o.s.cloud.commons.util.InetUtils - Cannot determine local hostname
2026-07-26 12:45:05.751 WARN  [AsyncReporter{ZipkinHttpClientSender{http://localhost:9411/api/v2/spans}}] [no-request-id] z.r.i.AsyncReporter$BoundedAsyncReporter - Spans were dropped due to exceptions. All subsequent errors will be logged at FINE level.
2026-07-26 12:45:05.751 WARN  [AsyncReporter{ZipkinHttpClientSender{http://localhost:9411/api/v2/spans}}] [no-request-id] z.r.i.AsyncReporter$BoundedAsyncReporter - Dropped 2 spans due to ConnectException()
java.net.ConnectException
	at java.net.http/jdk.internal.net.http.HttpClientImpl.send(HttpClientImpl.java:900)
	at java.net.http/jdk.internal.net.http.HttpClientFacade.send(HttpClientFacade.java:133)
	at org.springframework.boot.zipkin.autoconfigure.ZipkinHttpClientSender.postSpans(ZipkinHttpClientSender.java:59)
	at org.springframework.boot.zipkin.autoconfigure.HttpSender.postSpans(HttpSender.java:69)
	at org.springframework.boot.zipkin.autoconfigure.HttpSender.postSpans(HttpSender.java:41)
	at zipkin2.reporter.BaseHttpSender.send(BaseHttpSender.java:123)
	at zipkin2.reporter.internal.AsyncReporter$BoundedAsyncReporter.flush(AsyncReporter.java:266)
	at zipkin2.reporter.internal.AsyncReporter$Flusher.run(AsyncReporter.java:352)
	at java.base/java.lang.Thread.run(Thread.java:840)
Caused by: java.net.ConnectException
	at java.net.http/jdk.internal.net.http.common.Utils.toConnectException(Utils.java:1107)
	at java.net.http/jdk.internal.net.http.PlainHttpConnection.connectAsync(PlainHttpConnection.java:203)
	at java.net.http/jdk.internal.net.http.PlainHttpConnection.checkRetryConnect(PlainHttpConnection.java:238)
	at java.net.http/jdk.internal.net.http.PlainHttpConnection.lambda$connectAsync$1(PlainHttpConnection.java:214)
	at java.base/java.util.concurrent.CompletableFuture.uniHandle(CompletableFuture.java:934)
	at java.base/java.util.concurrent.CompletableFuture$UniHandle.tryFire(CompletableFuture.java:911)
	at java.base/java.util.concurrent.CompletableFuture.postComplete(CompletableFuture.java:510)
	at java.base/java.util.concurrent.CompletableFuture$AsyncSupply.run(CompletableFuture.java:1773)
	at java.base/java.util.concurrent.ThreadPoolExecutor.runWorker(ThreadPoolExecutor.java:1136)
	at java.base/java.util.concurrent.ThreadPoolExecutor$Worker.run(ThreadPoolExecutor.java:635)
	... 1 common frames omitted
Caused by: java.nio.channels.ClosedChannelException
	at java.base/sun.nio.ch.SocketChannelImpl.ensureOpen(SocketChannelImpl.java:195)
	at java.base/sun.nio.ch.SocketChannelImpl.beginConnect(SocketChannelImpl.java:760)
	at java.base/sun.nio.ch.SocketChannelImpl.connect(SocketChannelImpl.java:848)
	at java.net.http/jdk.internal.net.http.PlainHttpConnection.lambda$connectAsync$0(PlainHttpConnection.java:187)
	at java.base/java.security.AccessController.doPrivileged(AccessController.java:569)
	at java.net.http/jdk.internal.net.http.PlainHttpConnection.connectAsync(PlainHttpConnection.java:189)
	... 9 common frames omitted
2026-07-26 12:45:05.763 INFO  [restartedMain] [no-request-id] c.p.gateway.ApiGatewayApplication - Started ApiGatewayApplication in 7.259 seconds (process running for 7.932)
2026-07-26 12:45:34.695 INFO  [DiscoveryClient-CacheRefreshExecutor-%d] [no-request-id] c.netflix.discovery.DiscoveryClient - Disable delta property : false
2026-07-26 12:45:34.695 INFO  [DiscoveryClient-CacheRefreshExecutor-%d] [no-request-id] c.netflix.discovery.DiscoveryClient - Single vip registry refresh property : null
2026-07-26 12:45:34.695 INFO  [DiscoveryClient-CacheRefreshExecutor-%d] [no-request-id] c.netflix.discovery.DiscoveryClient - Force full registry fetch : false
2026-07-26 12:45:34.695 INFO  [DiscoveryClient-CacheRefreshExecutor-%d] [no-request-id] c.netflix.discovery.DiscoveryClient - Application is null : false
2026-07-26 12:45:34.695 INFO  [DiscoveryClient-CacheRefreshExecutor-%d] [no-request-id] c.netflix.discovery.DiscoveryClient - Registered Applications size is zero : true
2026-07-26 12:45:34.695 INFO  [DiscoveryClient-CacheRefreshExecutor-%d] [no-request-id] c.netflix.discovery.DiscoveryClient - Application version is -1: true
2026-07-26 12:45:34.695 INFO  [DiscoveryClient-CacheRefreshExecutor-%d] [no-request-id] c.netflix.discovery.DiscoveryClient - Getting all instance registry info from the eureka server
2026-07-26 12:45:34.850 INFO  [DiscoveryClient-InstanceInfoReplicator-%d] [no-request-id] c.netflix.discovery.DiscoveryClient - DiscoveryClient_API-GATEWAY/10.123.163.181:API-GATEWAY:8080: registering service...
2026-07-26 12:45:35.185 INFO  [DiscoveryClient-CacheRefreshExecutor-%d] [no-request-id] c.netflix.discovery.DiscoveryClient - The response status is 200
2026-07-26 12:45:35.229 INFO  [DiscoveryClient-HeartbeatExecutor-%d] [no-request-id] c.netflix.discovery.DiscoveryClient - DiscoveryClient_API-GATEWAY/10.123.163.181:API-GATEWAY:8080 - Re-registering apps/API-GATEWAY
2026-07-26 12:45:35.229 INFO  [DiscoveryClient-HeartbeatExecutor-%d] [no-request-id] c.netflix.discovery.DiscoveryClient - DiscoveryClient_API-GATEWAY/10.123.163.181:API-GATEWAY:8080: registering service...
2026-07-26 12:45:35.253 INFO  [DiscoveryClient-InstanceInfoReplicator-%d] [no-request-id] c.netflix.discovery.DiscoveryClient - DiscoveryClient_API-GATEWAY/10.123.163.181:API-GATEWAY:8080 - registration status: 204
2026-07-26 12:45:35.251 INFO  [DiscoveryClient-HeartbeatExecutor-%d] [no-request-id] c.netflix.discovery.DiscoveryClient - DiscoveryClient_API-GATEWAY/10.123.163.181:API-GATEWAY:8080 - registration status: 204
2026-07-26 12:45:54.708 INFO  [File Watcher] [no-request-id] o.s.b.d.a.LocalDevToolsAutoConfiguration$RestartingClassPathChangeChangedEventListener - Restarting due to 3 class path changes (0 additions, 0 deletions, 3 modifications)
2026-07-26 12:45:54.714 INFO  [Thread-1] [no-request-id] o.s.c.n.e.s.EurekaServiceRegistry - Unregistering application API-GATEWAY with eureka with status DOWN
2026-07-26 12:45:54.714 INFO  [Thread-1] [no-request-id] c.netflix.discovery.DiscoveryClient - Saw local status change event StatusChangeEvent [timestamp=1785050154714, current=DOWN, previous=UP]
2026-07-26 12:45:54.715 INFO  [DiscoveryClient-InstanceInfoReplicator-%d] [no-request-id] c.netflix.discovery.DiscoveryClient - DiscoveryClient_API-GATEWAY/10.123.163.181:API-GATEWAY:8080: registering service...
2026-07-26 12:45:54.721 INFO  [Thread-1] [no-request-id] o.s.boot.tomcat.GracefulShutdown - Commencing graceful shutdown. Waiting for active requests to complete
2026-07-26 12:45:54.723 INFO  [tomcat-shutdown] [no-request-id] o.a.coyote.http11.Http11NioProtocol - Pausing ProtocolHandler ["http-nio-8080"]
2026-07-26 12:45:54.727 INFO  [tomcat-shutdown] [no-request-id] o.s.boot.tomcat.GracefulShutdown - Graceful shutdown complete
2026-07-26 12:45:54.728 INFO  [Thread-1] [no-request-id] o.a.coyote.http11.Http11NioProtocol - Stopping ProtocolHandler ["http-nio-8080"]
2026-07-26 12:45:54.740 INFO  [DiscoveryClient-InstanceInfoReplicator-%d] [no-request-id] c.netflix.discovery.DiscoveryClient - DiscoveryClient_API-GATEWAY/10.123.163.181:API-GATEWAY:8080 - registration status: 204
2026-07-26 12:45:54.786 INFO  [Thread-1] [no-request-id] c.netflix.discovery.DiscoveryClient - Shutting down DiscoveryClient ...
2026-07-26 12:45:57.788 INFO  [Thread-1] [no-request-id] c.netflix.discovery.DiscoveryClient - Unregistering ...
2026-07-26 12:45:57.837 INFO  [Thread-1] [no-request-id] c.netflix.discovery.DiscoveryClient - DiscoveryClient_API-GATEWAY/10.123.163.181:API-GATEWAY:8080 - deregister  status: 200
2026-07-26 12:45:57.837 INFO  [Thread-1] [no-request-id] c.netflix.discovery.DiscoveryClient - Completed shut down of DiscoveryClient
2026-07-26 12:45:58.087 INFO  [restartedMain] [no-request-id] c.p.gateway.ApiGatewayApplication - Starting ApiGatewayApplication using Java 17.0.19 with PID 831776 (/home/pradeep/Desktop/coding/web_2_projects/Software-Engineering/PrevPaperApp/api-gateway/target/classes started by pradeep in /home/pradeep/Desktop/coding/web_2_projects/Software-Engineering/PrevPaperApp/api-gateway)
2026-07-26 12:45:58.088 INFO  [restartedMain] [no-request-id] c.p.gateway.ApiGatewayApplication - No active profile set, falling back to 1 default profile: "default"
2026-07-26 12:45:58.578 INFO  [restartedMain] [no-request-id] o.s.d.r.c.RepositoryConfigurationDelegate - Multiple Spring Data modules found, entering strict repository configuration mode
2026-07-26 12:45:58.578 INFO  [restartedMain] [no-request-id] o.s.d.r.c.RepositoryConfigurationDelegate - Bootstrapping Spring Data Redis repositories in DEFAULT mode.
2026-07-26 12:45:58.586 INFO  [restartedMain] [no-request-id] o.s.d.r.c.RepositoryConfigurationDelegate - Finished Spring Data repository scanning in 3 ms. Found 0 Redis repository interfaces.
2026-07-26 12:45:58.797 INFO  [restartedMain] [no-request-id] o.s.cloud.context.scope.GenericScope - BeanFactory id=475056e3-d5c8-31f5-86eb-7541cf24fb63
2026-07-26 12:45:58.872 INFO  [restartedMain] [no-request-id] o.s.boot.tomcat.TomcatWebServer - Tomcat initialized with port 8080 (http)
2026-07-26 12:45:58.873 INFO  [restartedMain] [no-request-id] o.a.coyote.http11.Http11NioProtocol - Initializing ProtocolHandler ["http-nio-8080"]
2026-07-26 12:45:58.874 INFO  [restartedMain] [no-request-id] o.a.catalina.core.StandardService - Starting service [Tomcat]
2026-07-26 12:45:58.874 INFO  [restartedMain] [no-request-id] o.a.catalina.core.StandardEngine - Starting Servlet engine: [Apache Tomcat/11.0.18]
2026-07-26 12:45:58.895 INFO  [restartedMain] [no-request-id] o.s.b.w.c.s.WebApplicationContextInitializer - Root WebApplicationContext: initialization completed in 796 ms
2026-07-26 12:46:00.101 INFO  [restartedMain] [no-request-id] o.s.cloud.commons.util.InetUtils - Cannot determine local hostname
2026-07-26 12:46:01.582 INFO  [restartedMain] [no-request-id] o.s.cloud.commons.util.InetUtils - Cannot determine local hostname
2026-07-26 12:46:01.598 INFO  [restartedMain] [no-request-id] o.s.c.n.e.c.DiscoveryClientOptionalArgsConfiguration - Eureka HTTP Client uses RestClient.
2026-07-26 12:46:01.638 WARN  [restartedMain] [no-request-id] o.s.c.l.c.LoadBalancerCacheAutoConfiguration$LoadBalancerCaffeineWarnLogger - Spring Cloud LoadBalancer is currently working with the default cache. While this cache implementation is useful for development and tests, it's recommended to use Caffeine cache in production.You can switch to using Caffeine cache, by adding it and org.springframework.cache.caffeine.CaffeineCacheManager to the classpath.
2026-07-26 12:46:01.648 INFO  [restartedMain] [no-request-id] o.s.b.a.e.web.EndpointLinksResolver - Exposing 1 endpoint beneath base path '/actuator'
2026-07-26 12:46:01.694 INFO  [restartedMain] [no-request-id] o.s.c.n.eureka.InstanceInfoFactory - Setting initial instance status as: STARTING
2026-07-26 12:46:01.698 INFO  [restartedMain] [no-request-id] c.netflix.discovery.DiscoveryClient - Initializing Eureka in region us-east-1
2026-07-26 12:46:01.699 INFO  [restartedMain] [no-request-id] c.n.d.s.r.aws.ConfigClusterResolver - Resolving eureka endpoints via configuration
2026-07-26 12:46:01.699 INFO  [restartedMain] [no-request-id] c.netflix.discovery.DiscoveryClient - Disable delta property : false
2026-07-26 12:46:01.699 INFO  [restartedMain] [no-request-id] c.netflix.discovery.DiscoveryClient - Single vip registry refresh property : null
2026-07-26 12:46:01.699 INFO  [restartedMain] [no-request-id] c.netflix.discovery.DiscoveryClient - Force full registry fetch : false
2026-07-26 12:46:01.699 INFO  [restartedMain] [no-request-id] c.netflix.discovery.DiscoveryClient - Application is null : false
2026-07-26 12:46:01.699 INFO  [restartedMain] [no-request-id] c.netflix.discovery.DiscoveryClient - Registered Applications size is zero : true
2026-07-26 12:46:01.699 INFO  [restartedMain] [no-request-id] c.netflix.discovery.DiscoveryClient - Application version is -1: true
2026-07-26 12:46:01.700 INFO  [restartedMain] [no-request-id] c.netflix.discovery.DiscoveryClient - Getting all instance registry info from the eureka server
2026-07-26 12:46:01.741 INFO  [restartedMain] [no-request-id] c.netflix.discovery.DiscoveryClient - The response status is 200
2026-07-26 12:46:01.742 INFO  [restartedMain] [no-request-id] c.netflix.discovery.DiscoveryClient - Starting heartbeat executor: renew interval is: 30
2026-07-26 12:46:01.744 INFO  [restartedMain] [no-request-id] c.n.discovery.InstanceInfoReplicator - InstanceInfoReplicator onDemand update allowed rate per min is 4
2026-07-26 12:46:01.746 INFO  [restartedMain] [no-request-id] c.netflix.discovery.DiscoveryClient - Discovery Client initialized at timestamp 1785050161746 with initial instances count: 0
2026-07-26 12:46:01.748 INFO  [restartedMain] [no-request-id] o.s.c.n.e.s.EurekaServiceRegistry - Registering application API-GATEWAY with eureka with status UP
2026-07-26 12:46:01.749 INFO  [restartedMain] [no-request-id] c.netflix.discovery.DiscoveryClient - Saw local status change event StatusChangeEvent [timestamp=1785050161749, current=UP, previous=STARTING]
2026-07-26 12:46:01.750 INFO  [DiscoveryClient-InstanceInfoReplicator-%d] [no-request-id] c.netflix.discovery.DiscoveryClient - DiscoveryClient_API-GATEWAY/10.123.163.181:API-GATEWAY:8080: registering service...
2026-07-26 12:46:01.752 INFO  [restartedMain] [no-request-id] o.a.coyote.http11.Http11NioProtocol - Starting ProtocolHandler ["http-nio-8080"]
2026-07-26 12:46:01.757 INFO  [restartedMain] [no-request-id] o.s.boot.tomcat.TomcatWebServer - Tomcat started on port 8080 (http) with context path '/'
2026-07-26 12:46:01.758 INFO  [restartedMain] [no-request-id] o.s.c.n.e.s.EurekaAutoServiceRegistration - Updating port to 8080
2026-07-26 12:46:01.806 INFO  [DiscoveryClient-InstanceInfoReplicator-%d] [no-request-id] c.netflix.discovery.DiscoveryClient - DiscoveryClient_API-GATEWAY/10.123.163.181:API-GATEWAY:8080 - registration status: 204
2026-07-26 12:46:01.943 INFO  [File Watcher] [no-request-id] o.s.b.d.a.LocalDevToolsAutoConfiguration$RestartingClassPathChangeChangedEventListener - Restarting due to 7 class path changes (0 additions, 0 deletions, 7 modifications)
2026-07-26 12:46:02.748 WARN  [AsyncReporter{ZipkinHttpClientSender{http://localhost:9411/api/v2/spans}}] [no-request-id] z.r.i.AsyncReporter$BoundedAsyncReporter - Spans were dropped due to exceptions. All subsequent errors will be logged at FINE level.
2026-07-26 12:46:02.749 WARN  [AsyncReporter{ZipkinHttpClientSender{http://localhost:9411/api/v2/spans}}] [no-request-id] z.r.i.AsyncReporter$BoundedAsyncReporter - Dropped 2 spans due to ConnectException()
java.net.ConnectException
	at java.net.http/jdk.internal.net.http.HttpClientImpl.send(HttpClientImpl.java:900)
	at java.net.http/jdk.internal.net.http.HttpClientFacade.send(HttpClientFacade.java:133)
	at org.springframework.boot.zipkin.autoconfigure.ZipkinHttpClientSender.postSpans(ZipkinHttpClientSender.java:59)
	at org.springframework.boot.zipkin.autoconfigure.HttpSender.postSpans(HttpSender.java:69)
	at org.springframework.boot.zipkin.autoconfigure.HttpSender.postSpans(HttpSender.java:41)
	at zipkin2.reporter.BaseHttpSender.send(BaseHttpSender.java:123)
	at zipkin2.reporter.internal.AsyncReporter$BoundedAsyncReporter.flush(AsyncReporter.java:266)
	at zipkin2.reporter.internal.AsyncReporter$Flusher.run(AsyncReporter.java:352)
	at java.base/java.lang.Thread.run(Thread.java:840)
Caused by: java.net.ConnectException
	at java.net.http/jdk.internal.net.http.common.Utils.toConnectException(Utils.java:1107)
	at java.net.http/jdk.internal.net.http.PlainHttpConnection.connectAsync(PlainHttpConnection.java:203)
	at java.net.http/jdk.internal.net.http.PlainHttpConnection.checkRetryConnect(PlainHttpConnection.java:238)
	at java.net.http/jdk.internal.net.http.PlainHttpConnection.lambda$connectAsync$1(PlainHttpConnection.java:214)
	at java.base/java.util.concurrent.CompletableFuture.uniHandle(CompletableFuture.java:934)
	at java.base/java.util.concurrent.CompletableFuture$UniHandle.tryFire(CompletableFuture.java:911)
	at java.base/java.util.concurrent.CompletableFuture.postComplete(CompletableFuture.java:510)
	at java.base/java.util.concurrent.CompletableFuture$AsyncSupply.run(CompletableFuture.java:1773)
	at java.base/java.util.concurrent.ThreadPoolExecutor.runWorker(ThreadPoolExecutor.java:1136)
	at java.base/java.util.concurrent.ThreadPoolExecutor$Worker.run(ThreadPoolExecutor.java:635)
	... 1 common frames omitted
Caused by: java.nio.channels.ClosedChannelException
	at java.base/sun.nio.ch.SocketChannelImpl.ensureOpen(SocketChannelImpl.java:195)
	at java.base/sun.nio.ch.SocketChannelImpl.beginConnect(SocketChannelImpl.java:760)
	at java.base/sun.nio.ch.SocketChannelImpl.connect(SocketChannelImpl.java:848)
	at java.net.http/jdk.internal.net.http.PlainHttpConnection.lambda$connectAsync$0(PlainHttpConnection.java:187)
	at java.base/java.security.AccessController.doPrivileged(AccessController.java:569)
	at java.net.http/jdk.internal.net.http.PlainHttpConnection.connectAsync(PlainHttpConnection.java:189)
	... 9 common frames omitted
2026-07-26 12:46:02.760 INFO  [restartedMain] [no-request-id] o.s.cloud.commons.util.InetUtils - Cannot determine local hostname
2026-07-26 12:46:02.779 INFO  [Thread-8] [no-request-id] o.s.c.n.e.s.EurekaServiceRegistry - Unregistering application API-GATEWAY with eureka with status DOWN
2026-07-26 12:46:02.779 INFO  [restartedMain] [no-request-id] c.p.gateway.ApiGatewayApplication - Started ApiGatewayApplication in 4.764 seconds (process running for 64.949)
2026-07-26 12:46:02.779 INFO  [Thread-8] [no-request-id] c.netflix.discovery.DiscoveryClient - Saw local status change event StatusChangeEvent [timestamp=1785050162779, current=DOWN, previous=UP]
2026-07-26 12:46:02.780 INFO  [DiscoveryClient-InstanceInfoReplicator-%d] [no-request-id] c.netflix.discovery.DiscoveryClient - DiscoveryClient_API-GATEWAY/10.123.163.181:API-GATEWAY:8080: registering service...
2026-07-26 12:46:02.780 INFO  [Thread-8] [no-request-id] o.s.boot.tomcat.GracefulShutdown - Commencing graceful shutdown. Waiting for active requests to complete
2026-07-26 12:46:02.782 INFO  [tomcat-shutdown] [no-request-id] o.a.coyote.http11.Http11NioProtocol - Pausing ProtocolHandler ["http-nio-8080"]
2026-07-26 12:46:02.786 INFO  [tomcat-shutdown] [no-request-id] o.s.boot.tomcat.GracefulShutdown - Graceful shutdown complete
2026-07-26 12:46:02.788 INFO  [Thread-8] [no-request-id] o.a.coyote.http11.Http11NioProtocol - Stopping ProtocolHandler ["http-nio-8080"]
2026-07-26 12:46:02.789 INFO  [restartedMain] [no-request-id] o.s.b.d.a.ConditionEvaluationDeltaLoggingListener - Condition evaluation unchanged
2026-07-26 12:46:02.800 INFO  [DiscoveryClient-InstanceInfoReplicator-%d] [no-request-id] c.netflix.discovery.DiscoveryClient - DiscoveryClient_API-GATEWAY/10.123.163.181:API-GATEWAY:8080 - registration status: 204
2026-07-26 12:46:03.763 INFO  [Thread-8] [no-request-id] c.netflix.discovery.DiscoveryClient - Shutting down DiscoveryClient ...
2026-07-26 12:46:06.764 INFO  [Thread-8] [no-request-id] c.netflix.discovery.DiscoveryClient - Unregistering ...
2026-07-26 12:46:06.774 INFO  [Thread-8] [no-request-id] c.netflix.discovery.DiscoveryClient - DiscoveryClient_API-GATEWAY/10.123.163.181:API-GATEWAY:8080 - deregister  status: 200
2026-07-26 12:46:06.774 INFO  [Thread-8] [no-request-id] c.netflix.discovery.DiscoveryClient - Completed shut down of DiscoveryClient
2026-07-26 12:46:07.871 INFO  [restartedMain] [no-request-id] c.p.gateway.ApiGatewayApplication - Starting ApiGatewayApplication using Java 17.0.19 with PID 831776 (/home/pradeep/Desktop/coding/web_2_projects/Software-Engineering/PrevPaperApp/api-gateway/target/classes started by pradeep in /home/pradeep/Desktop/coding/web_2_projects/Software-Engineering/PrevPaperApp/api-gateway)
2026-07-26 12:46:07.871 INFO  [restartedMain] [no-request-id] c.p.gateway.ApiGatewayApplication - No active profile set, falling back to 1 default profile: "default"
2026-07-26 12:46:08.065 INFO  [restartedMain] [no-request-id] o.s.d.r.c.RepositoryConfigurationDelegate - Multiple Spring Data modules found, entering strict repository configuration mode
2026-07-26 12:46:08.065 INFO  [restartedMain] [no-request-id] o.s.d.r.c.RepositoryConfigurationDelegate - Bootstrapping Spring Data Redis repositories in DEFAULT mode.
2026-07-26 12:46:08.069 INFO  [restartedMain] [no-request-id] o.s.d.r.c.RepositoryConfigurationDelegate - Finished Spring Data repository scanning in 2 ms. Found 0 Redis repository interfaces.
2026-07-26 12:46:08.197 INFO  [restartedMain] [no-request-id] o.s.cloud.context.scope.GenericScope - BeanFactory id=475056e3-d5c8-31f5-86eb-7541cf24fb63
2026-07-26 12:46:08.259 INFO  [restartedMain] [no-request-id] o.s.boot.tomcat.TomcatWebServer - Tomcat initialized with port 8080 (http)
2026-07-26 12:46:08.260 INFO  [restartedMain] [no-request-id] o.a.coyote.http11.Http11NioProtocol - Initializing ProtocolHandler ["http-nio-8080"]
2026-07-26 12:46:08.261 INFO  [restartedMain] [no-request-id] o.a.catalina.core.StandardService - Starting service [Tomcat]
2026-07-26 12:46:08.261 INFO  [restartedMain] [no-request-id] o.a.catalina.core.StandardEngine - Starting Servlet engine: [Apache Tomcat/11.0.18]
2026-07-26 12:46:08.276 INFO  [restartedMain] [no-request-id] o.s.b.w.c.s.WebApplicationContextInitializer - Root WebApplicationContext: initialization completed in 403 ms
2026-07-26 12:46:09.411 INFO  [restartedMain] [no-request-id] o.s.cloud.commons.util.InetUtils - Cannot determine local hostname
2026-07-26 12:46:10.594 INFO  [restartedMain] [no-request-id] o.s.cloud.commons.util.InetUtils - Cannot determine local hostname
2026-07-26 12:46:10.607 INFO  [restartedMain] [no-request-id] o.s.c.n.e.c.DiscoveryClientOptionalArgsConfiguration - Eureka HTTP Client uses RestClient.
2026-07-26 12:46:10.644 WARN  [restartedMain] [no-request-id] o.s.c.l.c.LoadBalancerCacheAutoConfiguration$LoadBalancerCaffeineWarnLogger - Spring Cloud LoadBalancer is currently working with the default cache. While this cache implementation is useful for development and tests, it's recommended to use Caffeine cache in production.You can switch to using Caffeine cache, by adding it and org.springframework.cache.caffeine.CaffeineCacheManager to the classpath.
2026-07-26 12:46:10.650 INFO  [restartedMain] [no-request-id] o.s.b.a.e.web.EndpointLinksResolver - Exposing 1 endpoint beneath base path '/actuator'
2026-07-26 12:46:10.676 INFO  [restartedMain] [no-request-id] o.s.c.n.eureka.InstanceInfoFactory - Setting initial instance status as: STARTING
2026-07-26 12:46:10.679 INFO  [restartedMain] [no-request-id] c.netflix.discovery.DiscoveryClient - Initializing Eureka in region us-east-1
2026-07-26 12:46:10.680 INFO  [restartedMain] [no-request-id] c.n.d.s.r.aws.ConfigClusterResolver - Resolving eureka endpoints via configuration
2026-07-26 12:46:10.681 INFO  [restartedMain] [no-request-id] c.netflix.discovery.DiscoveryClient - Disable delta property : false
2026-07-26 12:46:10.681 INFO  [restartedMain] [no-request-id] c.netflix.discovery.DiscoveryClient - Single vip registry refresh property : null
2026-07-26 12:46:10.681 INFO  [restartedMain] [no-request-id] c.netflix.discovery.DiscoveryClient - Force full registry fetch : false
2026-07-26 12:46:10.681 INFO  [restartedMain] [no-request-id] c.netflix.discovery.DiscoveryClient - Application is null : false
2026-07-26 12:46:10.681 INFO  [restartedMain] [no-request-id] c.netflix.discovery.DiscoveryClient - Registered Applications size is zero : true
2026-07-26 12:46:10.681 INFO  [restartedMain] [no-request-id] c.netflix.discovery.DiscoveryClient - Application version is -1: true
2026-07-26 12:46:10.681 INFO  [restartedMain] [no-request-id] c.netflix.discovery.DiscoveryClient - Getting all instance registry info from the eureka server
2026-07-26 12:46:10.710 INFO  [restartedMain] [no-request-id] c.netflix.discovery.DiscoveryClient - The response status is 200
2026-07-26 12:46:10.711 INFO  [restartedMain] [no-request-id] c.netflix.discovery.DiscoveryClient - Starting heartbeat executor: renew interval is: 30
2026-07-26 12:46:10.711 INFO  [restartedMain] [no-request-id] c.n.discovery.InstanceInfoReplicator - InstanceInfoReplicator onDemand update allowed rate per min is 4
2026-07-26 12:46:10.712 INFO  [restartedMain] [no-request-id] c.netflix.discovery.DiscoveryClient - Discovery Client initialized at timestamp 1785050170712 with initial instances count: 0
2026-07-26 12:46:10.712 INFO  [restartedMain] [no-request-id] o.s.c.n.e.s.EurekaServiceRegistry - Registering application API-GATEWAY with eureka with status UP
2026-07-26 12:46:10.712 INFO  [restartedMain] [no-request-id] c.netflix.discovery.DiscoveryClient - Saw local status change event StatusChangeEvent [timestamp=1785050170712, current=UP, previous=STARTING]
2026-07-26 12:46:10.713 INFO  [DiscoveryClient-InstanceInfoReplicator-%d] [no-request-id] c.netflix.discovery.DiscoveryClient - DiscoveryClient_API-GATEWAY/localhost:API-GATEWAY:8080: registering service...
2026-07-26 12:46:10.716 INFO  [restartedMain] [no-request-id] o.s.boot.tomcat.TomcatWebServer - Tomcat started on port 8080 (http) with context path '/'
2026-07-26 12:46:10.717 INFO  [restartedMain] [no-request-id] o.s.c.n.e.s.EurekaAutoServiceRegistration - Updating port to 8080
2026-07-26 12:46:10.735 INFO  [DiscoveryClient-InstanceInfoReplicator-%d] [no-request-id] c.netflix.discovery.DiscoveryClient - DiscoveryClient_API-GATEWAY/localhost:API-GATEWAY:8080 - registration status: 204
2026-07-26 12:46:11.719 INFO  [restartedMain] [no-request-id] o.s.cloud.commons.util.InetUtils - Cannot determine local hostname
2026-07-26 12:46:11.731 INFO  [restartedMain] [no-request-id] c.p.gateway.ApiGatewayApplication - Started ApiGatewayApplication in 4.896 seconds (process running for 73.901)
2026-07-26 12:46:11.733 INFO  [SpringApplicationShutdownHook] [no-request-id] o.s.c.n.e.s.EurekaServiceRegistry - Unregistering application API-GATEWAY with eureka with status DOWN
2026-07-26 12:46:11.734 INFO  [SpringApplicationShutdownHook] [no-request-id] c.netflix.discovery.DiscoveryClient - Saw local status change event StatusChangeEvent [timestamp=1785050171734, current=DOWN, previous=UP]
2026-07-26 12:46:11.735 INFO  [DiscoveryClient-InstanceInfoReplicator-%d] [no-request-id] c.netflix.discovery.DiscoveryClient - DiscoveryClient_API-GATEWAY/localhost:API-GATEWAY:8080: registering service...
2026-07-26 12:46:11.736 INFO  [SpringApplicationShutdownHook] [no-request-id] o.s.boot.tomcat.GracefulShutdown - Commencing graceful shutdown. Waiting for active requests to complete
2026-07-26 12:46:11.738 INFO  [restartedMain] [no-request-id] o.s.b.d.a.ConditionEvaluationDeltaLoggingListener - Condition evaluation unchanged
2026-07-26 12:46:11.740 INFO  [tomcat-shutdown] [no-request-id] o.s.boot.tomcat.GracefulShutdown - Graceful shutdown complete
2026-07-26 12:46:11.749 INFO  [DiscoveryClient-InstanceInfoReplicator-%d] [no-request-id] c.netflix.discovery.DiscoveryClient - DiscoveryClient_API-GATEWAY/localhost:API-GATEWAY:8080 - registration status: 204
2026-07-26 12:46:12.716 INFO  [SpringApplicationShutdownHook] [no-request-id] c.netflix.discovery.DiscoveryClient - Shutting down DiscoveryClient ...
2026-07-26 12:46:15.716 INFO  [SpringApplicationShutdownHook] [no-request-id] c.netflix.discovery.DiscoveryClient - Unregistering ...
2026-07-26 12:46:15.730 INFO  [SpringApplicationShutdownHook] [no-request-id] c.netflix.discovery.DiscoveryClient - DiscoveryClient_API-GATEWAY/localhost:API-GATEWAY:8080 - deregister  status: 200
2026-07-26 12:46:15.730 INFO  [SpringApplicationShutdownHook] [no-request-id] c.netflix.discovery.DiscoveryClient - Completed shut down of DiscoveryClient
2026-07-26 12:47:44.008 INFO  [background-preinit] [no-request-id] o.h.validator.internal.util.Version - HV000001: Hibernate Validator 9.0.1.Final
2026-07-26 12:47:44.063 INFO  [restartedMain] [no-request-id] c.p.gateway.ApiGatewayApplication - Starting ApiGatewayApplication using Java 17.0.19 with PID 836269 (/home/pradeep/Desktop/coding/web_2_projects/Software-Engineering/PrevPaperApp/api-gateway/target/classes started by pradeep in /home/pradeep/Desktop/coding/web_2_projects/Software-Engineering/PrevPaperApp/api-gateway)
2026-07-26 12:47:44.064 INFO  [restartedMain] [no-request-id] c.p.gateway.ApiGatewayApplication - No active profile set, falling back to 1 default profile: "default"
2026-07-26 12:47:44.115 INFO  [restartedMain] [no-request-id] o.s.b.d.e.DevToolsPropertyDefaultsPostProcessor - Devtools property defaults active! Set 'spring.devtools.add-properties' to 'false' to disable
2026-07-26 12:47:44.115 INFO  [restartedMain] [no-request-id] o.s.b.d.e.DevToolsPropertyDefaultsPostProcessor - For additional web related logging consider setting the 'logging.level.web' property to 'DEBUG'
2026-07-26 12:47:45.002 INFO  [restartedMain] [no-request-id] o.s.d.r.c.RepositoryConfigurationDelegate - Multiple Spring Data modules found, entering strict repository configuration mode
2026-07-26 12:47:45.004 INFO  [restartedMain] [no-request-id] o.s.d.r.c.RepositoryConfigurationDelegate - Bootstrapping Spring Data Redis repositories in DEFAULT mode.
2026-07-26 12:47:45.032 INFO  [restartedMain] [no-request-id] o.s.d.r.c.RepositoryConfigurationDelegate - Finished Spring Data repository scanning in 12 ms. Found 0 Redis repository interfaces.
2026-07-26 12:47:45.451 INFO  [restartedMain] [no-request-id] o.s.cloud.context.scope.GenericScope - BeanFactory id=475056e3-d5c8-31f5-86eb-7541cf24fb63
2026-07-26 12:47:45.854 INFO  [restartedMain] [no-request-id] o.s.boot.tomcat.TomcatWebServer - Tomcat initialized with port 8080 (http)
2026-07-26 12:47:45.867 INFO  [restartedMain] [no-request-id] o.a.coyote.http11.Http11NioProtocol - Initializing ProtocolHandler ["http-nio-8080"]
2026-07-26 12:47:45.869 INFO  [restartedMain] [no-request-id] o.a.catalina.core.StandardService - Starting service [Tomcat]
2026-07-26 12:47:45.870 INFO  [restartedMain] [no-request-id] o.a.catalina.core.StandardEngine - Starting Servlet engine: [Apache Tomcat/11.0.18]
2026-07-26 12:47:45.926 INFO  [restartedMain] [no-request-id] o.s.b.w.c.s.WebApplicationContextInitializer - Root WebApplicationContext: initialization completed in 1810 ms
2026-07-26 12:47:47.498 INFO  [restartedMain] [no-request-id] o.s.c.n.e.c.DiscoveryClientOptionalArgsConfiguration - Eureka HTTP Client uses RestClient.
2026-07-26 12:47:47.542 WARN  [restartedMain] [no-request-id] o.s.c.l.c.LoadBalancerCacheAutoConfiguration$LoadBalancerCaffeineWarnLogger - Spring Cloud LoadBalancer is currently working with the default cache. While this cache implementation is useful for development and tests, it's recommended to use Caffeine cache in production.You can switch to using Caffeine cache, by adding it and org.springframework.cache.caffeine.CaffeineCacheManager to the classpath.
2026-07-26 12:47:47.554 INFO  [restartedMain] [no-request-id] o.s.b.a.e.web.EndpointLinksResolver - Exposing 1 endpoint beneath base path '/actuator'
2026-07-26 12:47:47.626 INFO  [restartedMain] [no-request-id] o.s.c.n.eureka.InstanceInfoFactory - Setting initial instance status as: STARTING
2026-07-26 12:47:47.652 INFO  [restartedMain] [no-request-id] c.netflix.discovery.DiscoveryClient - Initializing Eureka in region us-east-1
2026-07-26 12:47:47.655 INFO  [restartedMain] [no-request-id] c.n.d.s.r.aws.ConfigClusterResolver - Resolving eureka endpoints via configuration
2026-07-26 12:47:47.662 INFO  [restartedMain] [no-request-id] c.netflix.discovery.DiscoveryClient - Disable delta property : false
2026-07-26 12:47:47.662 INFO  [restartedMain] [no-request-id] c.netflix.discovery.DiscoveryClient - Single vip registry refresh property : null
2026-07-26 12:47:47.662 INFO  [restartedMain] [no-request-id] c.netflix.discovery.DiscoveryClient - Force full registry fetch : false
2026-07-26 12:47:47.662 INFO  [restartedMain] [no-request-id] c.netflix.discovery.DiscoveryClient - Application is null : false
2026-07-26 12:47:47.662 INFO  [restartedMain] [no-request-id] c.netflix.discovery.DiscoveryClient - Registered Applications size is zero : true
2026-07-26 12:47:47.662 INFO  [restartedMain] [no-request-id] c.netflix.discovery.DiscoveryClient - Application version is -1: true
2026-07-26 12:47:47.663 INFO  [restartedMain] [no-request-id] c.netflix.discovery.DiscoveryClient - Getting all instance registry info from the eureka server
2026-07-26 12:47:47.846 INFO  [restartedMain] [no-request-id] c.netflix.discovery.DiscoveryClient - The response status is 200
2026-07-26 12:47:47.848 INFO  [restartedMain] [no-request-id] c.netflix.discovery.DiscoveryClient - Starting heartbeat executor: renew interval is: 30
2026-07-26 12:47:47.849 INFO  [restartedMain] [no-request-id] c.n.discovery.InstanceInfoReplicator - InstanceInfoReplicator onDemand update allowed rate per min is 4
2026-07-26 12:47:47.851 INFO  [restartedMain] [no-request-id] c.netflix.discovery.DiscoveryClient - Discovery Client initialized at timestamp 1785050267850 with initial instances count: 1
2026-07-26 12:47:47.854 INFO  [restartedMain] [no-request-id] o.s.c.n.e.s.EurekaServiceRegistry - Registering application API-GATEWAY with eureka with status UP
2026-07-26 12:47:47.854 INFO  [restartedMain] [no-request-id] c.netflix.discovery.DiscoveryClient - Saw local status change event StatusChangeEvent [timestamp=1785050267854, current=UP, previous=STARTING]
2026-07-26 12:47:47.856 INFO  [DiscoveryClient-InstanceInfoReplicator-%d] [no-request-id] c.netflix.discovery.DiscoveryClient - DiscoveryClient_API-GATEWAY/10.123.163.181:API-GATEWAY:8080: registering service...
2026-07-26 12:47:47.857 INFO  [restartedMain] [no-request-id] o.a.coyote.http11.Http11NioProtocol - Starting ProtocolHandler ["http-nio-8080"]
2026-07-26 12:47:47.870 INFO  [restartedMain] [no-request-id] o.s.c.n.e.s.EurekaServiceRegistry - Unregistering application API-GATEWAY with eureka with status DOWN
2026-07-26 12:47:47.871 INFO  [restartedMain] [no-request-id] c.netflix.discovery.DiscoveryClient - Saw local status change event StatusChangeEvent [timestamp=1785050267871, current=DOWN, previous=UP]
2026-07-26 12:47:47.872 WARN  [restartedMain] [no-request-id] o.s.b.w.s.s.c.AnnotationConfigServletWebServerApplicationContext - Exception encountered during context initialization - cancelling refresh attempt: org.springframework.context.ApplicationContextException: Failed to start bean 'webServerStartStop'
2026-07-26 12:47:47.901 INFO  [DiscoveryClient-InstanceInfoReplicator-%d] [no-request-id] c.netflix.discovery.DiscoveryClient - DiscoveryClient_API-GATEWAY/10.123.163.181:API-GATEWAY:8080 - registration status: 204
2026-07-26 12:47:47.901 INFO  [DiscoveryClient-InstanceInfoReplicator-%d] [no-request-id] c.netflix.discovery.DiscoveryClient - DiscoveryClient_API-GATEWAY/10.123.163.181:API-GATEWAY:8080: registering service...
2026-07-26 12:47:47.908 INFO  [DiscoveryClient-InstanceInfoReplicator-%d] [no-request-id] c.netflix.discovery.DiscoveryClient - DiscoveryClient_API-GATEWAY/10.123.163.181:API-GATEWAY:8080 - registration status: 204
2026-07-26 12:47:48.888 INFO  [restartedMain] [no-request-id] c.netflix.discovery.DiscoveryClient - Shutting down DiscoveryClient ...
2026-07-26 12:47:51.889 INFO  [restartedMain] [no-request-id] c.netflix.discovery.DiscoveryClient - Unregistering ...
2026-07-26 12:47:51.904 INFO  [restartedMain] [no-request-id] c.netflix.discovery.DiscoveryClient - DiscoveryClient_API-GATEWAY/10.123.163.181:API-GATEWAY:8080 - deregister  status: 200
2026-07-26 12:47:51.905 INFO  [restartedMain] [no-request-id] c.netflix.discovery.DiscoveryClient - Completed shut down of DiscoveryClient
2026-07-26 12:47:51.943 INFO  [restartedMain] [no-request-id] o.s.b.a.l.ConditionEvaluationReportLogger - 

Error starting ApplicationContext. To display the condition evaluation report re-run your application with 'debug' enabled.
2026-07-26 12:47:51.970 ERROR [restartedMain] [no-request-id] o.s.b.d.LoggingFailureAnalysisReporter - 

***************************
APPLICATION FAILED TO START
***************************

Description:

Web server failed to start. Port 8080 was already in use.

Action:

Identify and stop the process that's listening on port 8080 or configure this application to listen on another port.

